Archive member included to satisfy reference by file (symbol)

c:/progra~1/raspbe~1/picosd~1.1/gcc-ar~1/bin/../lib/gcc/arm-none-eabi/10.3.1/thumb/v6-m/nofp\libgcc.a(_dvmd_tls.o)
                              CMakeFiles/adc_dma.dir/C_/Program_Files/Raspberry_Pi/Pico_SDK_v1.5.1/pico-sdk/src/rp2_common/pico_divider/divider.S.obj (__aeabi_idiv0)
c:/progra~1/raspbe~1/picosd~1.1/gcc-ar~1/bin/../lib/gcc/arm-none-eabi/10.3.1/../../../../arm-none-eabi/lib/thumb/v6-m/nofp\libg.a(lib_a-calloc.o)
                              CMakeFiles/adc_dma.dir/C_/Program_Files/Raspberry_Pi/Pico_SDK_v1.5.1/pico-sdk/src/rp2_common/pico_malloc/pico_malloc.c.obj (calloc)
c:/progra~1/raspbe~1/picosd~1.1/gcc-ar~1/bin/../lib/gcc/arm-none-eabi/10.3.1/../../../../arm-none-eabi/lib/thumb/v6-m/nofp\libg.a(lib_a-callocr.o)
                              c:/progra~1/raspbe~1/picosd~1.1/gcc-ar~1/bin/../lib/gcc/arm-none-eabi/10.3.1/../../../../arm-none-eabi/lib/thumb/v6-m/nofp\libg.a(lib_a-calloc.o) (_calloc_r)
c:/progra~1/raspbe~1/picosd~1.1/gcc-ar~1/bin/../lib/gcc/arm-none-eabi/10.3.1/../../../../arm-none-eabi/lib/thumb/v6-m/nofp\libg.a(lib_a-errno.o)
                              c:/progra~1/raspbe~1/picosd~1.1/gcc-ar~1/bin/../lib/gcc/arm-none-eabi/10.3.1/../../../../arm-none-eabi/lib/thumb/v6-m/nofp\libg.a(lib_a-callocr.o) (__errno)
c:/progra~1/raspbe~1/picosd~1.1/gcc-ar~1/bin/../lib/gcc/arm-none-eabi/10.3.1/../../../../arm-none-eabi/lib/thumb/v6-m/nofp\libg.a(lib_a-impure.o)
                              c:/progra~1/raspbe~1/picosd~1.1/gcc-ar~1/bin/../lib/gcc/arm-none-eabi/10.3.1/../../../../arm-none-eabi/lib/thumb/v6-m/nofp\libg.a(lib_a-calloc.o) (_impure_ptr)
c:/progra~1/raspbe~1/picosd~1.1/gcc-ar~1/bin/../lib/gcc/arm-none-eabi/10.3.1/../../../../arm-none-eabi/lib/thumb/v6-m/nofp\libg.a(lib_a-init.o)
                              c:/progra~1/raspbe~1/picosd~1.1/gcc-ar~1/bin/../lib/gcc/arm-none-eabi/10.3.1/../../../../arm-none-eabi/lib/thumb/v6-m/nofp/crt0.o (__libc_init_array)
c:/progra~1/raspbe~1/picosd~1.1/gcc-ar~1/bin/../lib/gcc/arm-none-eabi/10.3.1/../../../../arm-none-eabi/lib/thumb/v6-m/nofp\libg.a(lib_a-malloc.o)
                              CMakeFiles/adc_dma.dir/C_/Program_Files/Raspberry_Pi/Pico_SDK_v1.5.1/pico-sdk/src/rp2_common/pico_malloc/pico_malloc.c.obj (malloc)
c:/progra~1/raspbe~1/picosd~1.1/gcc-ar~1/bin/../lib/gcc/arm-none-eabi/10.3.1/../../../../arm-none-eabi/lib/thumb/v6-m/nofp\libg.a(lib_a-mallocr.o)
                              c:/progra~1/raspbe~1/picosd~1.1/gcc-ar~1/bin/../lib/gcc/arm-none-eabi/10.3.1/../../../../arm-none-eabi/lib/thumb/v6-m/nofp\libg.a(lib_a-callocr.o) (_malloc_r)
c:/progra~1/raspbe~1/picosd~1.1/gcc-ar~1/bin/../lib/gcc/arm-none-eabi/10.3.1/../../../../arm-none-eabi/lib/thumb/v6-m/nofp\libg.a(lib_a-mlock.o)
                              c:/progra~1/raspbe~1/picosd~1.1/gcc-ar~1/bin/../lib/gcc/arm-none-eabi/10.3.1/../../../../arm-none-eabi/lib/thumb/v6-m/nofp\libg.a(lib_a-mallocr.o) (__malloc_lock)
c:/progra~1/raspbe~1/picosd~1.1/gcc-ar~1/bin/../lib/gcc/arm-none-eabi/10.3.1/../../../../arm-none-eabi/lib/thumb/v6-m/nofp\libg.a(lib_a-realloc.o)
                              CMakeFiles/adc_dma.dir/C_/Program_Files/Raspberry_Pi/Pico_SDK_v1.5.1/pico-sdk/src/rp2_common/pico_malloc/pico_malloc.c.obj (realloc)
c:/progra~1/raspbe~1/picosd~1.1/gcc-ar~1/bin/../lib/gcc/arm-none-eabi/10.3.1/../../../../arm-none-eabi/lib/thumb/v6-m/nofp\libg.a(lib_a-reallocr.o)
                              c:/progra~1/raspbe~1/picosd~1.1/gcc-ar~1/bin/../lib/gcc/arm-none-eabi/10.3.1/../../../../arm-none-eabi/lib/thumb/v6-m/nofp\libg.a(lib_a-realloc.o) (_realloc_r)
c:/progra~1/raspbe~1/picosd~1.1/gcc-ar~1/bin/../lib/gcc/arm-none-eabi/10.3.1/../../../../arm-none-eabi/lib/thumb/v6-m/nofp\libg.a(lib_a-sbrkr.o)
                              c:/progra~1/raspbe~1/picosd~1.1/gcc-ar~1/bin/../lib/gcc/arm-none-eabi/10.3.1/../../../../arm-none-eabi/lib/thumb/v6-m/nofp\libg.a(lib_a-mallocr.o) (_sbrk_r)
c:/progra~1/raspbe~1/picosd~1.1/gcc-ar~1/bin/../lib/gcc/arm-none-eabi/10.3.1/../../../../arm-none-eabi/lib/thumb/v6-m/nofp\libg.a(lib_a-strlen-stub.o)
                              CMakeFiles/adc_dma.dir/C_/Program_Files/Raspberry_Pi/Pico_SDK_v1.5.1/pico-sdk/src/rp2_common/pico_stdio/stdio.c.obj (strlen)
c:/progra~1/raspbe~1/picosd~1.1/gcc-ar~1/bin/../lib/gcc/arm-none-eabi/10.3.1/../../../../arm-none-eabi/lib/thumb/v6-m/nofp\libg.a(lib_a-freer.o)
                              c:/progra~1/raspbe~1/picosd~1.1/gcc-ar~1/bin/../lib/gcc/arm-none-eabi/10.3.1/../../../../arm-none-eabi/lib/thumb/v6-m/nofp\libg.a(lib_a-malloc.o) (_free_r)
c:/progra~1/raspbe~1/picosd~1.1/gcc-ar~1/bin/../lib/gcc/arm-none-eabi/10.3.1/../../../../arm-none-eabi/lib/thumb/v6-m/nofp\libg.a(lib_a-lock.o)
                              c:/progra~1/raspbe~1/picosd~1.1/gcc-ar~1/bin/../lib/gcc/arm-none-eabi/10.3.1/../../../../arm-none-eabi/lib/thumb/v6-m/nofp\libg.a(lib_a-mlock.o) (__retarget_lock_acquire_recursive)
[...]
Memory Configuration

Name             Origin             Length             Attributes
FLASH            0x10000000         0x00200000         xr
RAM              0x20000000         0x00040000         xrw
SCRATCH_X        0x20040000         0x00001000         xrw
SCRATCH_Y        0x20041000         0x00001000         xrw
*default*        0x00000000         0xffffffff

Linker script and memory map

LOAD c:/progra~1/raspbe~1/picosd~1.1/gcc-ar~1/bin/../lib/gcc/arm-none-eabi/10.3.1/thumb/v6-m/nofp/crti.o
LOAD c:/progra~1/raspbe~1/picosd~1.1/gcc-ar~1/bin/../lib/gcc/arm-none-eabi/10.3.1/thumb/v6-m/nofp/crtbegin.o
LOAD c:/progra~1/raspbe~1/picosd~1.1/gcc-ar~1/bin/../lib/gcc/arm-none-eabi/10.3.1/../../../../arm-none-eabi/lib/thumb/v6-m/nofp/crt0.o

.flash_begin    0x10000000        0x0
                0x10000000                __flash_binary_start = .

.boot2          0x10000000      0x100
                0x10000000                __boot2_start__ = .
 *(.boot2)
 .boot2         0x10000000      0x100 C:\Users\JUANCA~1\AppData\Local\Temp\ccM6WcAB.o
                0x10000100                __boot2_end__ = .
                0x00000001                ASSERT (((__boot2_end__ - __boot2_start__) == 0x100), ERROR: Pico second stage bootloader must be 256 bytes in size)

.text           0x10000100     0x7290
                0x10000100                __logical_binary_start = .
 *(.vectors)
 .vectors       0x10000100       0xd4 CMakeFiles/adc_dma.dir/C_/Program_Files/Raspberry_Pi/Pico_SDK_v1.5.1/pico-sdk/src/rp2_common/pico_standard_link/crt0.S.obj
                0x10000100                __VECTOR_TABLE
                0x10000100                __vectors
                0x100001c0                isr_invalid
                0x100001c0                __default_isrs_start
                0x100001c2                isr_nmi
                0x100001c4                isr_hardfault
                0x100001c6                isr_svcall
                0x100001c8                isr_pendsv
                0x100001ca                isr_systick
                0x100001cc                isr_irq23
                0x100001cc                isr_irq18
                0x100001cc                isr_irq11
                0x100001cc                isr_irq28
                0x100001cc                isr_irq19
                0x100001cc                isr_irq0
                0x100001cc                isr_irq6
                0x100001cc                isr_irq5
                0x100001cc                isr_irq12
                0x100001cc                isr_irq22
                0x100001cc                isr_irq31
                0x100001cc                isr_irq17
                0x100001cc                isr_irq27
                0x100001cc                isr_irq30
                0x100001cc                isr_irq2
                0x100001cc                isr_irq10
                0x100001cc                isr_irq8
                0x100001cc                isr_irq24
                0x100001cc                isr_irq1
                0x100001cc                isr_irq7
                0x100001cc                isr_irq21
                0x100001cc                isr_irq20
                0x100001cc                isr_irq15
                0x100001cc                isr_irq25
                0x100001cc                isr_irq13
                0x100001cc                __unhandled_user_irq
                0x100001cc                isr_irq4
                0x100001cc                isr_irq16
                0x100001cc                isr_irq29
                0x100001cc                isr_irq26
                0x100001cc                __default_isrs_end
                0x100001cc                isr_irq3
                0x100001cc                isr_irq14
                0x100001cc                isr_irq9
                0x100001d2                unhandled_user_irq_num_in_r0
 *(.binary_info_header)
 .binary_info_header
                0x100001d4       0x14 CMakeFiles/adc_dma.dir/C_/Program_Files/Raspberry_Pi/Pico_SDK_v1.5.1/pico-sdk/src/rp2_common/pico_standard_link/crt0.S.obj
                0x100001e8                __binary_info_header_end = .
 *(.reset)
 .reset         0x100001e8       0xa0 CMakeFiles/adc_dma.dir/C_/Program_Files/Raspberry_Pi/Pico_SDK_v1.5.1/pico-sdk/src/rp2_common/pico_standard_link/crt0.S.obj
                0x100001e8                _entry_point
 .reset         0x10000288       0x30 CMakeFiles/adc_dma.dir/C_/Program_Files/Raspberry_Pi/Pico_SDK_v1.5.1/pico-sdk/src/rp2_common/pico_standard_link/binary_info.c.obj
 *(.init)
 .init          0x100002b8        0x4 c:/progra~1/raspbe~1/picosd~1.1/gcc-ar~1/bin/../lib/gcc/arm-none-eabi/10.3.1/thumb/v6-m/nofp/crti.o
                0x100002b8                _init
 *(EXCLUDE_FILE(*libm.a: *libc.a:*lib_a-mem*.o *libgcc.a:) .text*)
 .text          0x100002bc       0x48 c:/progra~1/raspbe~1/picosd~1.1/gcc-ar~1/bin/../lib/gcc/arm-none-eabi/10.3.1/thumb/v6-m/nofp/crtbegin.o
 .text.ds18b20_reset
                0x10000304       0x2e CMakeFiles/adc_dma.dir/adc_dma.c.obj
                0x10000304                ds18b20_reset
 .text.ds18b20_write_bit
                0x10000332       0x40 CMakeFiles/adc_dma.dir/adc_dma.c.obj
                0x10000332                ds18b20_write_bit
 .text.ds18b20_read_bit
                0x10000372       0x34 CMakeFiles/adc_dma.dir/adc_dma.c.obj
                0x10000372                ds18b20_read_bit
 .text.ds18b20_write_byte
                0x100003a6       0x1a CMakeFiles/adc_dma.dir/adc_dma.c.obj
                0x100003a6                ds18b20_write_byte
 .text.ds18b20_read_byte
                0x100003c0       0x1c CMakeFiles/adc_dma.dir/adc_dma.c.obj
                0x100003c0                ds18b20_read_byte
 .text.ds18b20_get_temperature
                0x100003dc       0x54 CMakeFiles/adc_dma.dir/adc_dma.c.obj
                0x100003dc                ds18b20_get_temperature
 .text.main     0x10000430       0x38 CMakeFiles/adc_dma.dir/adc_dma.c.obj
                0x10000430                main
 .text.gpio_set_function
                0x10000468       0x30 CMakeFiles/adc_dma.dir/C_/Program_Files/Raspberry_Pi/Pico_SDK_v1.5.1/pico-sdk/src/rp2_common/hardware_gpio/gpio.c.obj
                0x10000468                gpio_set_function
 .text.gpio_init
                0x10000498       0x16 CMakeFiles/adc_dma.dir/C_/Program_Files/Raspberry_Pi/Pico_SDK_v1.5.1/pico-sdk/src/rp2_common/hardware_gpio/gpio.c.obj
                0x10000498                gpio_init
 *fill*         0x100004ae        0x2 
 .text.running_on_fpga
                0x100004b0       0x14 CMakeFiles/adc_dma.dir/C_/Program_Files/Raspberry_Pi/Pico_SDK_v1.5.1/pico-sdk/src/rp2_common/pico_platform/platform.c.obj
                0x100004b0                running_on_fpga
 .text.hw_claim_lock
                0x100004c4       0x18 CMakeFiles/adc_dma.dir/C_/Program_Files/Raspberry_Pi/Pico_SDK_v1.5.1/pico-sdk/src/rp2_common/hardware_claim/claim.c.obj
                0x100004c4                hw_claim_lock
 .text.hw_claim_unlock
                0x100004dc       0x14 CMakeFiles/adc_dma.dir/C_/Program_Files/Raspberry_Pi/Pico_SDK_v1.5.1/pico-sdk/src/rp2_common/hardware_claim/claim.c.obj
                0x100004dc                hw_claim_unlock
 .text.hw_claim_or_assert
                0x100004f0       0x32 CMakeFiles/adc_dma.dir/C_/Program_Files/Raspberry_Pi/Pico_SDK_v1.5.1/pico-sdk/src/rp2_common/hardware_claim/claim.c.obj
                0x100004f0                hw_claim_or_assert
 .text.hw_claim_unused_from_range
                0x10000522       0x50 CMakeFiles/adc_dma.dir/C_/Program_Files/Raspberry_Pi/Pico_SDK_v1.5.1/pico-sdk/src/rp2_common/hardware_claim/claim.c.obj
                0x10000522                hw_claim_unused_from_range
 *fill*         0x10000572        0x2 
 .text.spin_locks_reset
                0x10000574       0x20 CMakeFiles/adc_dma.dir/C_/Program_Files/Raspberry_Pi/Pico_SDK_v1.5.1/pico-sdk/src/rp2_common/hardware_sync/sync.c.obj
                0x10000574                spin_locks_reset
 .text.next_striped_spin_lock_num
                0x10000594       0x1c CMakeFiles/adc_dma.dir/C_/Program_Files/Raspberry_Pi/Pico_SDK_v1.5.1/pico-sdk/src/rp2_common/hardware_sync/sync.c.obj
                0x10000594                next_striped_spin_lock_num
 .text.spin_lock_claim_unused
                0x100005b0       0x20 CMakeFiles/adc_dma.dir/C_/Program_Files/Raspberry_Pi/Pico_SDK_v1.5.1/pico-sdk/src/rp2_common/hardware_sync/sync.c.obj
                0x100005b0                spin_lock_claim_unused
 .text.set_raw_irq_handler_and_unlock
                0x100005d0       0x28 CMakeFiles/adc_dma.dir/C_/Program_Files/Raspberry_Pi/Pico_SDK_v1.5.1/pico-sdk/src/rp2_common/hardware_irq/irq.c.obj
 .text.make_branch
                0x100005f8       0x48 CMakeFiles/adc_dma.dir/C_/Program_Files/Raspberry_Pi/Pico_SDK_v1.5.1/pico-sdk/src/rp2_common/hardware_irq/irq.c.obj
 .text.insert_branch_and_link
                0x10000640       0x40 CMakeFiles/adc_dma.dir/C_/Program_Files/Raspberry_Pi/Pico_SDK_v1.5.1/pico-sdk/src/rp2_common/hardware_irq/irq.c.obj
 .text.irq_is_enabled
                0x10000680       0x18 CMakeFiles/adc_dma.dir/C_/Program_Files/Raspberry_Pi/Pico_SDK_v1.5.1/pico-sdk/src/rp2_common/hardware_irq/irq.c.obj
                0x10000680                irq_is_enabled
 .text.irq_set_mask_enabled
                0x10000698       0x20 CMakeFiles/adc_dma.dir/C_/Program_Files/Raspberry_Pi/Pico_SDK_v1.5.1/pico-sdk/src/rp2_common/hardware_irq/irq.c.obj
                0x10000698                irq_set_mask_enabled
 .text.irq_set_enabled
                0x100006b8        0xe CMakeFiles/adc_dma.dir/C_/Program_Files/Raspberry_Pi/Pico_SDK_v1.5.1/pico-sdk/src/rp2_common/hardware_irq/irq.c.obj
                0x100006b8                irq_set_enabled
 *fill*         0x100006c6        0x2 
 .text.irq_set_pending
                0x100006c8       0x10 CMakeFiles/adc_dma.dir/C_/Program_Files/Raspberry_Pi/Pico_SDK_v1.5.1/pico-sdk/src/rp2_common/hardware_irq/irq.c.obj
                0x100006c8                irq_set_pending
 .text.irq_get_vtable_handler
                0x100006d8       0x10 CMakeFiles/adc_dma.dir/C_/Program_Files/Raspberry_Pi/Pico_SDK_v1.5.1/pico-sdk/src/rp2_common/hardware_irq/irq.c.obj
                0x100006d8                irq_get_vtable_handler
 .text.irq_has_shared_handler
                0x100006e8       0x24 CMakeFiles/adc_dma.dir/C_/Program_Files/Raspberry_Pi/Pico_SDK_v1.5.1/pico-sdk/src/rp2_common/hardware_irq/irq.c.obj
                0x100006e8                irq_has_shared_handler
 .text.irq_set_exclusive_handler
                0x1000070c       0x54 CMakeFiles/adc_dma.dir/C_/Program_Files/Raspberry_Pi/Pico_SDK_v1.5.1/pico-sdk/src/rp2_common/hardware_irq/irq.c.obj
                0x1000070c                irq_set_exclusive_handler
 .text.irq_add_shared_handler
                0x10000760      0x234 CMakeFiles/adc_dma.dir/C_/Program_Files/Raspberry_Pi/Pico_SDK_v1.5.1/pico-sdk/src/rp2_common/hardware_irq/irq.c.obj
                0x10000760                irq_add_shared_handler
 .text.irq_remove_handler
                0x10000994      0x1ac CMakeFiles/adc_dma.dir/C_/Program_Files/Raspberry_Pi/Pico_SDK_v1.5.1/pico-sdk/src/rp2_common/hardware_irq/irq.c.obj
                0x10000994                irq_remove_handler
 .text.irq_add_tail_to_free_list
                0x10000b40       0xf0 CMakeFiles/adc_dma.dir/C_/Program_Files/Raspberry_Pi/Pico_SDK_v1.5.1/pico-sdk/src/rp2_common/hardware_irq/irq.c.obj
                0x10000b40                irq_add_tail_to_free_list
 .text.irq_init_priorities
                0x10000c30       0x1c CMakeFiles/adc_dma.dir/C_/Program_Files/Raspberry_Pi/Pico_SDK_v1.5.1/pico-sdk/src/rp2_common/hardware_irq/irq.c.obj
                0x10000c30                irq_init_priorities
 .text.user_irq_claim_unused
                0x10000c4c       0x28 CMakeFiles/adc_dma.dir/C_/Program_Files/Raspberry_Pi/Pico_SDK_v1.5.1/pico-sdk/src/rp2_common/hardware_irq/irq.c.obj
                0x10000c4c                user_irq_claim_unused
 .text.lock_init
                0x10000c74       0x10 CMakeFiles/adc_dma.dir/C_/Program_Files/Raspberry_Pi/Pico_SDK_v1.5.1/pico-sdk/src/common/pico_sync/lock_core.c.obj
                0x10000c74                lock_init
 .text.mutex_init
                0x10000c84       0x1a CMakeFiles/adc_dma.dir/C_/Program_Files/Raspberry_Pi/Pico_SDK_v1.5.1/pico-sdk/src/common/pico_sync/mutex.c.obj
                0x10000c84                mutex_init
 .text.recursive_mutex_init
                0x10000c9e       0x1e CMakeFiles/adc_dma.dir/C_/Program_Files/Raspberry_Pi/Pico_SDK_v1.5.1/pico-sdk/src/common/pico_sync/mutex.c.obj
                0x10000c9e                recursive_mutex_init
 .text.critical_section_init_with_lock_num
                0x10000cbc       0x14 CMakeFiles/adc_dma.dir/C_/Program_Files/Raspberry_Pi/Pico_SDK_v1.5.1/pico-sdk/src/common/pico_sync/critical_section.c.obj
                0x10000cbc                critical_section_init_with_lock_num
 .text.critical_section_init
                0x10000cd0       0x14 CMakeFiles/adc_dma.dir/C_/Program_Files/Raspberry_Pi/Pico_SDK_v1.5.1/pico-sdk/src/common/pico_sync/critical_section.c.obj
                0x10000cd0                critical_section_init
 .text.alarm_pool_post_alloc_init
                0x10000ce4       0x40 CMakeFiles/adc_dma.dir/C_/Program_Files/Raspberry_Pi/Pico_SDK_v1.5.1/pico-sdk/src/common/pico_time/time.c.obj
 .text.sleep_until_callback
                0x10000d24       0x30 CMakeFiles/adc_dma.dir/C_/Program_Files/Raspberry_Pi/Pico_SDK_v1.5.1/pico-sdk/src/common/pico_time/time.c.obj
 .text.timer_pool_entry_comparator
                0x10000d54       0x7c CMakeFiles/adc_dma.dir/C_/Program_Files/Raspberry_Pi/Pico_SDK_v1.5.1/pico-sdk/src/common/pico_time/time.c.obj
                0x10000d54                timer_pool_entry_comparator
 .text.ph_add_child_node
                0x10000dd0       0xa4 CMakeFiles/adc_dma.dir/C_/Program_Files/Raspberry_Pi/Pico_SDK_v1.5.1/pico-sdk/src/common/pico_time/time.c.obj
 .text.ph_merge_nodes
                0x10000e74       0x3e CMakeFiles/adc_dma.dir/C_/Program_Files/Raspberry_Pi/Pico_SDK_v1.5.1/pico-sdk/src/common/pico_time/time.c.obj
 *fill*         0x10000eb2        0x2 
 .text.add_alarm_under_lock
                0x10000eb4      0x174 CMakeFiles/adc_dma.dir/C_/Program_Files/Raspberry_Pi/Pico_SDK_v1.5.1/pico-sdk/src/common/pico_time/time.c.obj
 .text.alarm_pool_alarm_callback
                0x10001028      0x33c CMakeFiles/adc_dma.dir/C_/Program_Files/Raspberry_Pi/Pico_SDK_v1.5.1/pico-sdk/src/common/pico_time/time.c.obj
 .text.alarm_pool_init_default
                0x10001364       0x40 CMakeFiles/adc_dma.dir/C_/Program_Files/Raspberry_Pi/Pico_SDK_v1.5.1/pico-sdk/src/common/pico_time/time.c.obj
                0x10001364                alarm_pool_init_default
 .text.alarm_pool_get_default
                0x100013a4       0x2c CMakeFiles/adc_dma.dir/C_/Program_Files/Raspberry_Pi/Pico_SDK_v1.5.1/pico-sdk/src/common/pico_time/time.c.obj
                0x100013a4                alarm_pool_get_default
 .text.alarm_pool_add_alarm_at
                0x100013d0      0x168 CMakeFiles/adc_dma.dir/C_/Program_Files/Raspberry_Pi/Pico_SDK_v1.5.1/pico-sdk/src/common/pico_time/time.c.obj
                0x100013d0                alarm_pool_add_alarm_at
 .text.alarm_pool_cancel_alarm
                0x10001538       0xf8 CMakeFiles/adc_dma.dir/C_/Program_Files/Raspberry_Pi/Pico_SDK_v1.5.1/pico-sdk/src/common/pico_time/time.c.obj
                0x10001538                alarm_pool_cancel_alarm
 .text.alarm_pool_core_num
                0x10001630        0x4 CMakeFiles/adc_dma.dir/C_/Program_Files/Raspberry_Pi/Pico_SDK_v1.5.1/pico-sdk/src/common/pico_time/time.c.obj
                0x10001630                alarm_pool_core_num
 .text.sleep_until
                0x10001634       0xfc CMakeFiles/adc_dma.dir/C_/Program_Files/Raspberry_Pi/Pico_SDK_v1.5.1/pico-sdk/src/common/pico_time/time.c.obj
                0x10001634                sleep_until
 .text.sleep_us
                0x10001730       0x58 CMakeFiles/adc_dma.dir/C_/Program_Files/Raspberry_Pi/Pico_SDK_v1.5.1/pico-sdk/src/common/pico_time/time.c.obj
                0x10001730                sleep_us
 .text.sleep_ms
                0x10001788       0x14 CMakeFiles/adc_dma.dir/C_/Program_Files/Raspberry_Pi/Pico_SDK_v1.5.1/pico-sdk/src/common/pico_time/time.c.obj
                0x10001788                sleep_ms
 .text.best_effort_wfe_or_timeout
                0x1000179c       0xac CMakeFiles/adc_dma.dir/C_/Program_Files/Raspberry_Pi/Pico_SDK_v1.5.1/pico-sdk/src/common/pico_time/time.c.obj
                0x1000179c                best_effort_wfe_or_timeout
 .text.hardware_alarm_irq_handler
                0x10001848       0x90 CMakeFiles/adc_dma.dir/C_/Program_Files/Raspberry_Pi/Pico_SDK_v1.5.1/pico-sdk/src/rp2_common/hardware_timer/timer.c.obj
 .text.hardware_alarm_claim
                0x100018d8       0x18 CMakeFiles/adc_dma.dir/C_/Program_Files/Raspberry_Pi/Pico_SDK_v1.5.1/pico-sdk/src/rp2_common/hardware_timer/timer.c.obj
                0x100018d8                hardware_alarm_claim
 .text.time_us_64
                0x100018f0       0x18 CMakeFiles/adc_dma.dir/C_/Program_Files/Raspberry_Pi/Pico_SDK_v1.5.1/pico-sdk/src/rp2_common/hardware_timer/timer.c.obj
                0x100018f0                time_us_64
 .text.busy_wait_until
                0x10001908       0x28 CMakeFiles/adc_dma.dir/C_/Program_Files/Raspberry_Pi/Pico_SDK_v1.5.1/pico-sdk/src/rp2_common/hardware_timer/timer.c.obj
                0x10001908                busy_wait_until
 .text.busy_wait_us
                0x10001930       0x48 CMakeFiles/adc_dma.dir/C_/Program_Files/Raspberry_Pi/Pico_SDK_v1.5.1/pico-sdk/src/rp2_common/hardware_timer/timer.c.obj
                0x10001930                busy_wait_us
 .text.hardware_alarm_set_callback
                0x10001978       0x90 CMakeFiles/adc_dma.dir/C_/Program_Files/Raspberry_Pi/Pico_SDK_v1.5.1/pico-sdk/src/rp2_common/hardware_timer/timer.c.obj
                0x10001978                hardware_alarm_set_callback
 .text.hardware_alarm_set_target
                0x10001a08       0xe8 CMakeFiles/adc_dma.dir/C_/Program_Files/Raspberry_Pi/Pico_SDK_v1.5.1/pico-sdk/src/rp2_common/hardware_timer/timer.c.obj
                0x10001a08                hardware_alarm_set_target
 .text.hardware_alarm_cancel
                0x10001af0       0x40 CMakeFiles/adc_dma.dir/C_/Program_Files/Raspberry_Pi/Pico_SDK_v1.5.1/pico-sdk/src/rp2_common/hardware_timer/timer.c.obj
                0x10001af0                hardware_alarm_cancel
 .text.ph_add_child_node
                0x10001b30       0xa4 CMakeFiles/adc_dma.dir/C_/Program_Files/Raspberry_Pi/Pico_SDK_v1.5.1/pico-sdk/src/common/pico_util/pheap.c.obj
 .text.ph_merge_nodes
                0x10001bd4       0x3e CMakeFiles/adc_dma.dir/C_/Program_Files/Raspberry_Pi/Pico_SDK_v1.5.1/pico-sdk/src/common/pico_util/pheap.c.obj
 *fill*         0x10001c12        0x2 
 .text.ph_clear
                0x10001c14       0x70 CMakeFiles/adc_dma.dir/C_/Program_Files/Raspberry_Pi/Pico_SDK_v1.5.1/pico-sdk/src/common/pico_util/pheap.c.obj
                0x10001c14                ph_clear
 .text.ph_post_alloc_init
                0x10001c84        0xe CMakeFiles/adc_dma.dir/C_/Program_Files/Raspberry_Pi/Pico_SDK_v1.5.1/pico-sdk/src/common/pico_util/pheap.c.obj
                0x10001c84                ph_post_alloc_init
 *fill*         0x10001c92        0x2 
 .text.ph_merge_two_pass
                0x10001c94       0xa8 CMakeFiles/adc_dma.dir/C_/Program_Files/Raspberry_Pi/Pico_SDK_v1.5.1/pico-sdk/src/common/pico_util/pheap.c.obj
                0x10001c94                ph_merge_two_pass
 .text.ph_remove_any_head
                0x10001d3c      0x128 CMakeFiles/adc_dma.dir/C_/Program_Files/Raspberry_Pi/Pico_SDK_v1.5.1/pico-sdk/src/common/pico_util/pheap.c.obj
 .text.ph_remove_head
                0x10001e64       0x14 CMakeFiles/adc_dma.dir/C_/Program_Files/Raspberry_Pi/Pico_SDK_v1.5.1/pico-sdk/src/common/pico_util/pheap.c.obj
                0x10001e64                ph_remove_head
 .text.ph_remove_and_free_node
                0x10001e78       0xf8 CMakeFiles/adc_dma.dir/C_/Program_Files/Raspberry_Pi/Pico_SDK_v1.5.1/pico-sdk/src/common/pico_util/pheap.c.obj
                0x10001e78                ph_remove_and_free_node
 .text.uart_disable_before_lcr_write
                0x10001f70       0x48 CMakeFiles/adc_dma.dir/C_/Program_Files/Raspberry_Pi/Pico_SDK_v1.5.1/pico-sdk/src/rp2_common/hardware_uart/uart.c.obj
 .text.uart_write_lcr_bits_masked
                0x10001fb8       0x22 CMakeFiles/adc_dma.dir/C_/Program_Files/Raspberry_Pi/Pico_SDK_v1.5.1/pico-sdk/src/rp2_common/hardware_uart/uart.c.obj
 *fill*         0x10001fda        0x2 
 .text.uart_set_baudrate
                0x10001fdc       0x5c CMakeFiles/adc_dma.dir/C_/Program_Files/Raspberry_Pi/Pico_SDK_v1.5.1/pico-sdk/src/rp2_common/hardware_uart/uart.c.obj
                0x10001fdc                uart_set_baudrate
 .text.uart_set_format
                0x10002038       0x2c CMakeFiles/adc_dma.dir/C_/Program_Files/Raspberry_Pi/Pico_SDK_v1.5.1/pico-sdk/src/rp2_common/hardware_uart/uart.c.obj
                0x10002038                uart_set_format
 .text.uart_set_translate_crlf
                0x10002064       0x28 CMakeFiles/adc_dma.dir/C_/Program_Files/Raspberry_Pi/Pico_SDK_v1.5.1/pico-sdk/src/rp2_common/hardware_uart/uart.c.obj
                0x10002064                uart_set_translate_crlf
 .text.uart_init
                0x1000208c       0x80 CMakeFiles/adc_dma.dir/C_/Program_Files/Raspberry_Pi/Pico_SDK_v1.5.1/pico-sdk/src/rp2_common/hardware_uart/uart.c.obj
                0x1000208c                uart_init
 .text.clock_configure
                0x1000210c      0x108 CMakeFiles/adc_dma.dir/C_/Program_Files/Raspberry_Pi/Pico_SDK_v1.5.1/pico-sdk/src/rp2_common/hardware_clocks/clocks.c.obj
                0x1000210c                clock_configure
 .text.clocks_init
                0x10002214      0x100 CMakeFiles/adc_dma.dir/C_/Program_Files/Raspberry_Pi/Pico_SDK_v1.5.1/pico-sdk/src/rp2_common/hardware_clocks/clocks.c.obj
                0x10002214                clocks_init
 .text.clock_get_hz
                0x10002314        0xc CMakeFiles/adc_dma.dir/C_/Program_Files/Raspberry_Pi/Pico_SDK_v1.5.1/pico-sdk/src/rp2_common/hardware_clocks/clocks.c.obj
                0x10002314                clock_get_hz
 .text.pll_init
                0x10002320      0x120 CMakeFiles/adc_dma.dir/C_/Program_Files/Raspberry_Pi/Pico_SDK_v1.5.1/pico-sdk/src/rp2_common/hardware_pll/pll.c.obj
                0x10002320                pll_init
 .text.watchdog_start_tick
                0x10002440       0x10 CMakeFiles/adc_dma.dir/C_/Program_Files/Raspberry_Pi/Pico_SDK_v1.5.1/pico-sdk/src/rp2_common/hardware_watchdog/watchdog.c.obj
                0x10002440                watchdog_start_tick
 .text.watchdog_update
                0x10002450       0x14 CMakeFiles/adc_dma.dir/C_/Program_Files/Raspberry_Pi/Pico_SDK_v1.5.1/pico-sdk/src/rp2_common/hardware_watchdog/watchdog.c.obj
                0x10002450                watchdog_update
 .text._watchdog_enable
                0x10002464       0x78 CMakeFiles/adc_dma.dir/C_/Program_Files/Raspberry_Pi/Pico_SDK_v1.5.1/pico-sdk/src/rp2_common/hardware_watchdog/watchdog.c.obj
                0x10002464                _watchdog_enable
 .text.watchdog_reboot
                0x100024dc       0x48 CMakeFiles/adc_dma.dir/C_/Program_Files/Raspberry_Pi/Pico_SDK_v1.5.1/pico-sdk/src/rp2_common/hardware_watchdog/watchdog.c.obj
                0x100024dc                watchdog_reboot
 .text.xosc_init
                0x10002524       0x28 CMakeFiles/adc_dma.dir/C_/Program_Files/Raspberry_Pi/Pico_SDK_v1.5.1/pico-sdk/src/rp2_common/hardware_xosc/xosc.c.obj
                0x10002524                xosc_init
 .text._exit    0x1000254c        0x4 CMakeFiles/adc_dma.dir/C_/Program_Files/Raspberry_Pi/Pico_SDK_v1.5.1/pico-sdk/src/rp2_common/pico_runtime/runtime.c.obj
                0x1000254c                _exit
 .text.exit     0x10002550        0x6 CMakeFiles/adc_dma.dir/C_/Program_Files/Raspberry_Pi/Pico_SDK_v1.5.1/pico-sdk/src/rp2_common/pico_runtime/runtime.c.obj
                0x10002550                exit
 *fill*         0x10002556        0x2 
 .text.__assert_func
                0x10002558       0x3c CMakeFiles/adc_dma.dir/C_/Program_Files/Raspberry_Pi/Pico_SDK_v1.5.1/pico-sdk/src/rp2_common/pico_runtime/runtime.c.obj
                0x10002558                __assert_func
 .text.runtime_init
                0x10002594       0xf8 CMakeFiles/adc_dma.dir/C_/Program_Files/Raspberry_Pi/Pico_SDK_v1.5.1/pico-sdk/src/rp2_common/pico_runtime/runtime.c.obj
                0x10002594                runtime_init
 .text.panic    0x1000268c       0x30 CMakeFiles/adc_dma.dir/C_/Program_Files/Raspberry_Pi/Pico_SDK_v1.5.1/pico-sdk/src/rp2_common/pico_runtime/runtime.c.obj
                0x1000268c                panic
 .text._out_null
                0x100026bc        0x2 CMakeFiles/adc_dma.dir/C_/Program_Files/Raspberry_Pi/Pico_SDK_v1.5.1/pico-sdk/src/rp2_common/pico_printf/printf.c.obj
 .text._out_fct
                0x100026be        0xe CMakeFiles/adc_dma.dir/C_/Program_Files/Raspberry_Pi/Pico_SDK_v1.5.1/pico-sdk/src/rp2_common/pico_printf/printf.c.obj
 .text._atoi    0x100026cc       0x24 CMakeFiles/adc_dma.dir/C_/Program_Files/Raspberry_Pi/Pico_SDK_v1.5.1/pico-sdk/src/rp2_common/pico_printf/printf.c.obj
 .text._out_rev
                0x100026f0       0xae CMakeFiles/adc_dma.dir/C_/Program_Files/Raspberry_Pi/Pico_SDK_v1.5.1/pico-sdk/src/rp2_common/pico_printf/printf.c.obj
 .text._ntoa_format
                0x1000279e      0x112 CMakeFiles/adc_dma.dir/C_/Program_Files/Raspberry_Pi/Pico_SDK_v1.5.1/pico-sdk/src/rp2_common/pico_printf/printf.c.obj
 .text._ntoa_long
                0x100028b0       0xbc CMakeFiles/adc_dma.dir/C_/Program_Files/Raspberry_Pi/Pico_SDK_v1.5.1/pico-sdk/src/rp2_common/pico_printf/printf.c.obj
 .text._ntoa_long_long
                0x1000296c       0xe2 CMakeFiles/adc_dma.dir/C_/Program_Files/Raspberry_Pi/Pico_SDK_v1.5.1/pico-sdk/src/rp2_common/pico_printf/printf.c.obj
 *fill*         0x10002a4e        0x2 
 .text._etoa    0x10002a50      0x414 CMakeFiles/adc_dma.dir/C_/Program_Files/Raspberry_Pi/Pico_SDK_v1.5.1/pico-sdk/src/rp2_common/pico_printf/printf.c.obj
 .text._ftoa    0x10002e64      0x354 CMakeFiles/adc_dma.dir/C_/Program_Files/Raspberry_Pi/Pico_SDK_v1.5.1/pico-sdk/src/rp2_common/pico_printf/printf.c.obj
 .text._vsnprintf
                0x100031b8      0x624 CMakeFiles/adc_dma.dir/C_/Program_Files/Raspberry_Pi/Pico_SDK_v1.5.1/pico-sdk/src/rp2_common/pico_printf/printf.c.obj
 .text.vfctprintf
                0x100037dc       0x20 CMakeFiles/adc_dma.dir/C_/Program_Files/Raspberry_Pi/Pico_SDK_v1.5.1/pico-sdk/src/rp2_common/pico_printf/printf.c.obj
                0x100037dc                vfctprintf
 .text          0x100037fc       0x10 CMakeFiles/adc_dma.dir/C_/Program_Files/Raspberry_Pi/Pico_SDK_v1.5.1/pico-sdk/src/rp2_common/pico_bit_ops/bit_ops_aeabi.S.obj
 .text.rom_func_lookup
                0x1000380c       0x10 CMakeFiles/adc_dma.dir/C_/Program_Files/Raspberry_Pi/Pico_SDK_v1.5.1/pico-sdk/src/rp2_common/pico_bootrom/bootrom.c.obj
                0x1000380c                rom_func_lookup
 .text.rom_data_lookup
                0x1000381c       0x10 CMakeFiles/adc_dma.dir/C_/Program_Files/Raspberry_Pi/Pico_SDK_v1.5.1/pico-sdk/src/rp2_common/pico_bootrom/bootrom.c.obj
                0x1000381c                rom_data_lookup
 .text.rom_funcs_lookup
                0x1000382c       0x36 CMakeFiles/adc_dma.dir/C_/Program_Files/Raspberry_Pi/Pico_SDK_v1.5.1/pico-sdk/src/rp2_common/pico_bootrom/bootrom.c.obj
                0x1000382c                rom_funcs_lookup
 *fill*         0x10003862        0x2 
 .text.__wrap___aeabi_idiv
                0x10003864       0x50 CMakeFiles/adc_dma.dir/C_/Program_Files/Raspberry_Pi/Pico_SDK_v1.5.1/pico-sdk/src/rp2_common/pico_divider/divider.S.obj
                0x10003864                __wrap___aeabi_idivmod
                0x10003864                divmod_s32s32
                0x10003864                div_s32s32
                0x10003864                __wrap___aeabi_idiv
                0x1000386c                divmod_s32s32_unsafe
                0x10003898                divmod_s32s32_savestate
 .text.__wrap___aeabi_uidiv
                0x100038b4       0x4c CMakeFiles/adc_dma.dir/C_/Program_Files/Raspberry_Pi/Pico_SDK_v1.5.1/pico-sdk/src/rp2_common/pico_divider/divider.S.obj
                0x100038b4                __wrap___aeabi_uidiv
                0x100038b4                __wrap___aeabi_uidivmod
                0x100038b4                div_u32u32
                0x100038b4                divmod_u32u32
                0x100038bc                divmod_u32u32_unsafe
                0x100038e4                divmod_u32u32_savestate
 .text.__wrap___aeabi_ldiv
                0x10003900      0x424 CMakeFiles/adc_dma.dir/C_/Program_Files/Raspberry_Pi/Pico_SDK_v1.5.1/pico-sdk/src/rp2_common/pico_divider/divider.S.obj
                0x10003900                div_s64s64
                0x10003900                divmod_s64s64
                0x10003900                __wrap___aeabi_ldivmod
                0x10003930                divmod_u64u64
                0x10003930                div_u64u64
                0x10003930                __wrap___aeabi_uldivmod
                0x10003940                divmod_u64u64_savestate
                0x10003960                divmod_s64s64_unsafe
                0x100039e8                divmod_u64u64_unsafe
 .text.__wrap___aeabi_darithmetic
                0x10003d24       0x80 CMakeFiles/adc_dma.dir/C_/Program_Files/Raspberry_Pi/Pico_SDK_v1.5.1/pico-sdk/src/rp2_common/pico_double/double_aeabi.S.obj
                0x10003d24                __wrap___aeabi_drsub
                0x10003d2a                __wrap___aeabi_dsub
                0x10003d3c                __wrap___aeabi_dadd
                0x10003d4e                __wrap___aeabi_ddiv
                0x10003d8a                __wrap___aeabi_dmul
 .text.__wrap___aeabi_cdcmple
                0x10003da4       0x6c CMakeFiles/adc_dma.dir/C_/Program_Files/Raspberry_Pi/Pico_SDK_v1.5.1/pico-sdk/src/rp2_common/pico_double/double_aeabi.S.obj
                0x10003da4                __wrap___aeabi_cdrcmple
                0x10003db4                __wrap___aeabi_cdcmpeq
                0x10003db4                __wrap___aeabi_cdcmple
 .text.__wrap___aeabi_dcmplt
                0x10003e10        0xc CMakeFiles/adc_dma.dir/C_/Program_Files/Raspberry_Pi/Pico_SDK_v1.5.1/pico-sdk/src/rp2_common/pico_double/double_aeabi.S.obj
                0x10003e10                __wrap___aeabi_dcmplt
 .text.__wrap___aeabi_dcmple
                0x10003e1c       0x10 CMakeFiles/adc_dma.dir/C_/Program_Files/Raspberry_Pi/Pico_SDK_v1.5.1/pico-sdk/src/rp2_common/pico_double/double_aeabi.S.obj
                0x10003e1c                __wrap___aeabi_dcmple
 .text.__wrap___aeabi_dcmpge
                0x10003e2c       0x10 CMakeFiles/adc_dma.dir/C_/Program_Files/Raspberry_Pi/Pico_SDK_v1.5.1/pico-sdk/src/rp2_common/pico_double/double_aeabi.S.obj
                0x10003e2c                __wrap___aeabi_dcmpge
 .text.__wrap___aeabi_dcmpgt
                0x10003e3c        0xa CMakeFiles/adc_dma.dir/C_/Program_Files/Raspberry_Pi/Pico_SDK_v1.5.1/pico-sdk/src/rp2_common/pico_double/double_aeabi.S.obj
                0x10003e3c                __wrap___aeabi_dcmpgt
 .text.__wrap___aeabi_dcmpun
                0x10003e46       0x1c CMakeFiles/adc_dma.dir/C_/Program_Files/Raspberry_Pi/Pico_SDK_v1.5.1/pico-sdk/src/rp2_common/pico_double/double_aeabi.S.obj
                0x10003e46                __wrap___aeabi_dcmpun
 *fill*         0x10003e62        0x2 
 .text.__wrap___aeabi_i2d
                0x10003e64       0x38 CMakeFiles/adc_dma.dir/C_/Program_Files/Raspberry_Pi/Pico_SDK_v1.5.1/pico-sdk/src/rp2_common/pico_double/double_aeabi.S.obj
                0x10003e64                __wrap___aeabi_ui2d
                0x10003e6c                __wrap___aeabi_i2d
 .text.__wrap___aeabi_d2iz
                0x10003e9c       0x48 CMakeFiles/adc_dma.dir/C_/Program_Files/Raspberry_Pi/Pico_SDK_v1.5.1/pico-sdk/src/rp2_common/pico_double/double_aeabi.S.obj
                0x10003e9c                double2int_z
                0x10003e9c                __wrap___aeabi_d2iz
 .text.__wrap___aeabi_d2uiz
                0x10003ee4       0x18 CMakeFiles/adc_dma.dir/C_/Program_Files/Raspberry_Pi/Pico_SDK_v1.5.1/pico-sdk/src/rp2_common/pico_double/double_aeabi.S.obj
                0x10003ee4                __wrap___aeabi_d2uiz
                0x10003ee4                double2uint
 .text.__wrap___aeabi_d2f
                0x10003efc       0x18 CMakeFiles/adc_dma.dir/C_/Program_Files/Raspberry_Pi/Pico_SDK_v1.5.1/pico-sdk/src/rp2_common/pico_double/double_aeabi.S.obj
                0x10003efc                __wrap___aeabi_d2f
 .text.__aeabi_double_init
                0x10003f14       0xc8 CMakeFiles/adc_dma.dir/C_/Program_Files/Raspberry_Pi/Pico_SDK_v1.5.1/pico-sdk/src/rp2_common/pico_double/double_init_rom.c.obj
                0x10003f14                __aeabi_double_init
 .text.double_table_shim_on_use_helper
                0x10003fdc       0x34 CMakeFiles/adc_dma.dir/C_/Program_Files/Raspberry_Pi/Pico_SDK_v1.5.1/pico-sdk/src/rp2_common/pico_double/double_v1_rom_shim.S.obj
                0x10003fdc                double_table_shim_on_use_helper
 .text.__wrap___aeabi_dsub
                0x10004010       0x10 CMakeFiles/adc_dma.dir/C_/Program_Files/Raspberry_Pi/Pico_SDK_v1.5.1/pico-sdk/src/rp2_common/pico_double/double_v1_rom_shim.S.obj
                0x10004010                drsub_shim
                0x10004016                dsub_shim
 .text.dadd_shim
                0x10004020      0x15c CMakeFiles/adc_dma.dir/C_/Program_Files/Raspberry_Pi/Pico_SDK_v1.5.1/pico-sdk/src/rp2_common/pico_double/double_v1_rom_shim.S.obj
                0x10004020                dadd_shim
 .text.dmul_shim
                0x1000417c      0x15c CMakeFiles/adc_dma.dir/C_/Program_Files/Raspberry_Pi/Pico_SDK_v1.5.1/pico-sdk/src/rp2_common/pico_double/double_v1_rom_shim.S.obj
                0x1000417c                dmul_shim
 .text.ddiv_shim
                0x100042d8      0x1b0 CMakeFiles/adc_dma.dir/C_/Program_Files/Raspberry_Pi/Pico_SDK_v1.5.1/pico-sdk/src/rp2_common/pico_double/double_v1_rom_shim.S.obj
                0x100042d8                ddiv_shim
 .text.double2uint_shim
                0x10004488        0xe CMakeFiles/adc_dma.dir/C_/Program_Files/Raspberry_Pi/Pico_SDK_v1.5.1/pico-sdk/src/rp2_common/pico_double/double_v1_rom_shim.S.obj
                0x10004488                double2uint_shim
                0x1000448a                double2ufix_shim
 *fill*         0x10004496        0x2 
 .text.double2uint64_shim
                0x10004498       0x70 CMakeFiles/adc_dma.dir/C_/Program_Files/Raspberry_Pi/Pico_SDK_v1.5.1/pico-sdk/src/rp2_common/pico_double/double_v1_rom_shim.S.obj
                0x10004498                double2uint64_shim
                0x1000449a                double2ufix64_shim
                0x100044ba                d2fix_a
 .text.double2float_shim
                0x10004508       0x5c CMakeFiles/adc_dma.dir/C_/Program_Files/Raspberry_Pi/Pico_SDK_v1.5.1/pico-sdk/src/rp2_common/pico_double/double_v1_rom_shim.S.obj
                0x10004508                double2float_shim
 .text.dunpacks
                0x10004564       0x3c CMakeFiles/adc_dma.dir/C_/Program_Files/Raspberry_Pi/Pico_SDK_v1.5.1/pico-sdk/src/rp2_common/pico_double/double_v1_rom_shim.S.obj
                0x10004564                dunpacks
 .text.__aeabi_lmul
                0x100045a0       0x32 CMakeFiles/adc_dma.dir/C_/Program_Files/Raspberry_Pi/Pico_SDK_v1.5.1/pico-sdk/src/rp2_common/pico_int64_ops/pico_int64_ops_aeabi.S.obj
                0x100045a0                __wrap___aeabi_lmul
 *fill*         0x100045d2        0x2 
 .text.__wrap___aeabi_f2d
                0x100045d4       0x14 CMakeFiles/adc_dma.dir/C_/Program_Files/Raspberry_Pi/Pico_SDK_v1.5.1/pico-sdk/src/rp2_common/pico_float/float_aeabi.S.obj
                0x100045d4                __wrap___aeabi_f2d
 .text.__aeabi_float_init
                0x100045e8       0xfc CMakeFiles/adc_dma.dir/C_/Program_Files/Raspberry_Pi/Pico_SDK_v1.5.1/pico-sdk/src/rp2_common/pico_float/float_init_rom.c.obj
                0x100045e8                __aeabi_float_init
 .text.float_table_shim_on_use_helper
                0x100046e4       0x34 CMakeFiles/adc_dma.dir/C_/Program_Files/Raspberry_Pi/Pico_SDK_v1.5.1/pico-sdk/src/rp2_common/pico_float/float_v1_rom_shim.S.obj
                0x100046e4                float_table_shim_on_use_helper
 .text.float2double_shim
                0x10004718       0x30 CMakeFiles/adc_dma.dir/C_/Program_Files/Raspberry_Pi/Pico_SDK_v1.5.1/pico-sdk/src/rp2_common/pico_float/float_v1_rom_shim.S.obj
                0x10004718                float2double_shim
 .text          0x10004748       0x10 CMakeFiles/adc_dma.dir/C_/Program_Files/Raspberry_Pi/Pico_SDK_v1.5.1/pico-sdk/src/rp2_common/pico_mem_ops/mem_ops_aeabi.S.obj
                0x10004748                __aeabi_mem_init
 .text.memset   0x10004758        0xc CMakeFiles/adc_dma.dir/C_/Program_Files/Raspberry_Pi/Pico_SDK_v1.5.1/pico-sdk/src/rp2_common/pico_mem_ops/mem_ops_aeabi.S.obj
                0x10004758                __wrap_memset
 .text.memcpy   0x10004764        0xc CMakeFiles/adc_dma.dir/C_/Program_Files/Raspberry_Pi/Pico_SDK_v1.5.1/pico-sdk/src/rp2_common/pico_mem_ops/mem_ops_aeabi.S.obj
                0x10004764                __wrap_memcpy
                0x10004764                __wrap___aeabi_memcpy
 .text.stdio_out_chars_no_crlf
                0x10004770        0xe CMakeFiles/adc_dma.dir/C_/Program_Files/Raspberry_Pi/Pico_SDK_v1.5.1/pico-sdk/src/rp2_common/pico_stdio/stdio.c.obj
 *fill*         0x1000477e        0x2 
 .text.stdio_out_chars_crlf
                0x10004780       0x80 CMakeFiles/adc_dma.dir/C_/Program_Files/Raspberry_Pi/Pico_SDK_v1.5.1/pico-sdk/src/rp2_common/pico_stdio/stdio.c.obj
 .text.stdio_stack_buffer_flush
                0x10004800       0x44 CMakeFiles/adc_dma.dir/C_/Program_Files/Raspberry_Pi/Pico_SDK_v1.5.1/pico-sdk/src/rp2_common/pico_stdio/stdio.c.obj
 .text.stdio_buffered_printer
                0x10004844       0x20 CMakeFiles/adc_dma.dir/C_/Program_Files/Raspberry_Pi/Pico_SDK_v1.5.1/pico-sdk/src/rp2_common/pico_stdio/stdio.c.obj
 .text.stdout_serialize_begin
                0x10004864       0x5c CMakeFiles/adc_dma.dir/C_/Program_Files/Raspberry_Pi/Pico_SDK_v1.5.1/pico-sdk/src/rp2_common/pico_stdio/stdio.c.obj
                0x10004864                stdout_serialize_begin
 .text.stdout_serialize_end
                0x100048c0       0x10 CMakeFiles/adc_dma.dir/C_/Program_Files/Raspberry_Pi/Pico_SDK_v1.5.1/pico-sdk/src/rp2_common/pico_stdio/stdio.c.obj
                0x100048c0                stdout_serialize_end
 .text.stdio_put_string
                0x100048d0       0x98 CMakeFiles/adc_dma.dir/C_/Program_Files/Raspberry_Pi/Pico_SDK_v1.5.1/pico-sdk/src/rp2_common/pico_stdio/stdio.c.obj
 .text.stdio_set_driver_enabled
                0x10004968       0x2c CMakeFiles/adc_dma.dir/C_/Program_Files/Raspberry_Pi/Pico_SDK_v1.5.1/pico-sdk/src/rp2_common/pico_stdio/stdio.c.obj
                0x10004968                stdio_set_driver_enabled
 .text.stdio_flush
                0x10004994       0x20 CMakeFiles/adc_dma.dir/C_/Program_Files/Raspberry_Pi/Pico_SDK_v1.5.1/pico-sdk/src/rp2_common/pico_stdio/stdio.c.obj
                0x10004994                stdio_flush
 .text.__wrap_puts
                0x100049b4       0x1e CMakeFiles/adc_dma.dir/C_/Program_Files/Raspberry_Pi/Pico_SDK_v1.5.1/pico-sdk/src/rp2_common/pico_stdio/stdio.c.obj
                0x100049b4                __wrap_puts
 *fill*         0x100049d2        0x2 
 .text.__wrap_vprintf
                0x100049d4       0x40 CMakeFiles/adc_dma.dir/C_/Program_Files/Raspberry_Pi/Pico_SDK_v1.5.1/pico-sdk/src/rp2_common/pico_stdio/stdio.c.obj
                0x100049d4                __wrap_vprintf
 .text.__wrap_printf
                0x10004a14       0x18 CMakeFiles/adc_dma.dir/C_/Program_Files/Raspberry_Pi/Pico_SDK_v1.5.1/pico-sdk/src/rp2_common/pico_stdio/stdio.c.obj
                0x10004a14                __wrap_printf
 .text.stdio_init_all
                0x10004a2c        0xe CMakeFiles/adc_dma.dir/C_/Program_Files/Raspberry_Pi/Pico_SDK_v1.5.1/pico-sdk/src/rp2_common/pico_stdio/stdio.c.obj
                0x10004a2c                stdio_init_all
 *fill*         0x10004a3a        0x2 
 .text.stdio_uart_out_chars
                0x10004a3c       0x74 CMakeFiles/adc_dma.dir/C_/Program_Files/Raspberry_Pi/Pico_SDK_v1.5.1/pico-sdk/src/rp2_common/pico_stdio_uart/stdio_uart.c.obj
 .text.stdio_uart_in_chars
                0x10004ab0       0x80 CMakeFiles/adc_dma.dir/C_/Program_Files/Raspberry_Pi/Pico_SDK_v1.5.1/pico-sdk/src/rp2_common/pico_stdio_uart/stdio_uart.c.obj
                0x10004ab0                stdio_uart_in_chars
 .text.on_uart_rx
                0x10004b30       0x28 CMakeFiles/adc_dma.dir/C_/Program_Files/Raspberry_Pi/Pico_SDK_v1.5.1/pico-sdk/src/rp2_common/pico_stdio_uart/stdio_uart.c.obj
 .text.stdio_uart_set_chars_available_callback
                0x10004b58       0x8c CMakeFiles/adc_dma.dir/C_/Program_Files/Raspberry_Pi/Pico_SDK_v1.5.1/pico-sdk/src/rp2_common/pico_stdio_uart/stdio_uart.c.obj
 .text.stdio_uart_init_full
                0x10004be4       0x44 CMakeFiles/adc_dma.dir/C_/Program_Files/Raspberry_Pi/Pico_SDK_v1.5.1/pico-sdk/src/rp2_common/pico_stdio_uart/stdio_uart.c.obj
                0x10004be4                stdio_uart_init_full
 .text.stdio_uart_init
                0x10004c28       0x28 CMakeFiles/adc_dma.dir/C_/Program_Files/Raspberry_Pi/Pico_SDK_v1.5.1/pico-sdk/src/rp2_common/pico_stdio_uart/stdio_uart.c.obj
                0x10004c28                stdio_uart_init
 .text.resetd_init
                0x10004c50        0x2 CMakeFiles/adc_dma.dir/C_/Program_Files/Raspberry_Pi/Pico_SDK_v1.5.1/pico-sdk/src/rp2_common/pico_stdio_usb/reset_interface.c.obj
 *fill*         0x10004c52        0x2 
 .text.resetd_reset
                0x10004c54        0xc CMakeFiles/adc_dma.dir/C_/Program_Files/Raspberry_Pi/Pico_SDK_v1.5.1/pico-sdk/src/rp2_common/pico_stdio_usb/reset_interface.c.obj
 .text.resetd_open
                0x10004c60       0x34 CMakeFiles/adc_dma.dir/C_/Program_Files/Raspberry_Pi/Pico_SDK_v1.5.1/pico-sdk/src/rp2_common/pico_stdio_usb/reset_interface.c.obj
 .text.resetd_xfer_cb
                0x10004c94        0x4 CMakeFiles/adc_dma.dir/C_/Program_Files/Raspberry_Pi/Pico_SDK_v1.5.1/pico-sdk/src/rp2_common/pico_stdio_usb/reset_interface.c.obj
 .text.reset_usb_boot
                0x10004c98       0x18 CMakeFiles/adc_dma.dir/C_/Program_Files/Raspberry_Pi/Pico_SDK_v1.5.1/pico-sdk/src/rp2_common/pico_stdio_usb/reset_interface.c.obj
 .text.resetd_control_xfer_cb
                0x10004cb0       0x5c CMakeFiles/adc_dma.dir/C_/Program_Files/Raspberry_Pi/Pico_SDK_v1.5.1/pico-sdk/src/rp2_common/pico_stdio_usb/reset_interface.c.obj
 .text.usbd_app_driver_get_cb
                0x10004d0c        0xc CMakeFiles/adc_dma.dir/C_/Program_Files/Raspberry_Pi/Pico_SDK_v1.5.1/pico-sdk/src/rp2_common/pico_stdio_usb/reset_interface.c.obj
                0x10004d0c                usbd_app_driver_get_cb
 .text.tud_cdc_line_coding_cb
                0x10004d18       0x28 CMakeFiles/adc_dma.dir/C_/Program_Files/Raspberry_Pi/Pico_SDK_v1.5.1/pico-sdk/src/rp2_common/pico_stdio_usb/reset_interface.c.obj
                0x10004d18                tud_cdc_line_coding_cb
 .text.stdio_usb_set_chars_available_callback
                0x10004d40       0x14 CMakeFiles/adc_dma.dir/C_/Program_Files/Raspberry_Pi/Pico_SDK_v1.5.1/pico-sdk/src/rp2_common/pico_stdio_usb/stdio_usb.c.obj
                0x10004d40                stdio_usb_set_chars_available_callback
 .text.usb_irq  0x10004d54       0x10 CMakeFiles/adc_dma.dir/C_/Program_Files/Raspberry_Pi/Pico_SDK_v1.5.1/pico-sdk/src/rp2_common/pico_stdio_usb/stdio_usb.c.obj
 .text.timer_task
                0x10004d64       0x5c CMakeFiles/adc_dma.dir/C_/Program_Files/Raspberry_Pi/Pico_SDK_v1.5.1/pico-sdk/src/rp2_common/pico_stdio_usb/stdio_usb.c.obj
 .text.low_priority_worker_irq
                0x10004dc0       0xdc CMakeFiles/adc_dma.dir/C_/Program_Files/Raspberry_Pi/Pico_SDK_v1.5.1/pico-sdk/src/rp2_common/pico_stdio_usb/stdio_usb.c.obj
 .text.tud_cdc_rx_cb
                0x10004e9c       0x20 CMakeFiles/adc_dma.dir/C_/Program_Files/Raspberry_Pi/Pico_SDK_v1.5.1/pico-sdk/src/rp2_common/pico_stdio_usb/stdio_usb.c.obj
                0x10004e9c                tud_cdc_rx_cb
 .text.stdio_usb_init
                0x10004ebc      0x11c CMakeFiles/adc_dma.dir/C_/Program_Files/Raspberry_Pi/Pico_SDK_v1.5.1/pico-sdk/src/rp2_common/pico_stdio_usb/stdio_usb.c.obj
                0x10004ebc                stdio_usb_init
 .text.stdio_usb_connected
                0x10004fd8        0xa CMakeFiles/adc_dma.dir/C_/Program_Files/Raspberry_Pi/Pico_SDK_v1.5.1/pico-sdk/src/rp2_common/pico_stdio_usb/stdio_usb.c.obj
                0x10004fd8                stdio_usb_connected
 *fill*         0x10004fe2        0x2 
 .text.stdio_usb_in_chars
                0x10004fe4       0xc4 CMakeFiles/adc_dma.dir/C_/Program_Files/Raspberry_Pi/Pico_SDK_v1.5.1/pico-sdk/src/rp2_common/pico_stdio_usb/stdio_usb.c.obj
                0x10004fe4                stdio_usb_in_chars
 .text.stdio_usb_out_chars
                0x100050a8      0x114 CMakeFiles/adc_dma.dir/C_/Program_Files/Raspberry_Pi/Pico_SDK_v1.5.1/pico-sdk/src/rp2_common/pico_stdio_usb/stdio_usb.c.obj
 .text.tud_descriptor_device_cb
                0x100051bc        0x8 CMakeFiles/adc_dma.dir/C_/Program_Files/Raspberry_Pi/Pico_SDK_v1.5.1/pico-sdk/src/rp2_common/pico_stdio_usb/stdio_usb_descriptors.c.obj
                0x100051bc                tud_descriptor_device_cb
 .text.tud_descriptor_configuration_cb
                0x100051c4        0x8 CMakeFiles/adc_dma.dir/C_/Program_Files/Raspberry_Pi/Pico_SDK_v1.5.1/pico-sdk/src/rp2_common/pico_stdio_usb/stdio_usb_descriptors.c.obj
                0x100051c4                tud_descriptor_configuration_cb
 .text.tud_descriptor_string_cb
                0x100051cc       0x6c CMakeFiles/adc_dma.dir/C_/Program_Files/Raspberry_Pi/Pico_SDK_v1.5.1/pico-sdk/src/rp2_common/pico_stdio_usb/stdio_usb_descriptors.c.obj
                0x100051cc                tud_descriptor_string_cb
 .text._retrieve_unique_id_on_boot
                0x10005238       0x10 CMakeFiles/adc_dma.dir/C_/Program_Files/Raspberry_Pi/Pico_SDK_v1.5.1/pico-sdk/src/rp2_common/pico_unique_id/unique_id.c.obj
 .text.pico_get_unique_board_id_string
                0x10005248       0x60 CMakeFiles/adc_dma.dir/C_/Program_Files/Raspberry_Pi/Pico_SDK_v1.5.1/pico-sdk/src/rp2_common/pico_unique_id/unique_id.c.obj
                0x10005248                pico_get_unique_board_id_string
 .text.flash_get_unique_id
                0x100052a8       0x46 CMakeFiles/adc_dma.dir/C_/Program_Files/Raspberry_Pi/Pico_SDK_v1.5.1/pico-sdk/src/rp2_common/hardware_flash/flash.c.obj
                0x100052a8                flash_get_unique_id
 *fill*         0x100052ee        0x2 
 .text.hw_endpoint_get_by_addr
                0x100052f0       0x18 CMakeFiles/adc_dma.dir/C_/Program_Files/Raspberry_Pi/Pico_SDK_v1.5.1/pico-sdk/lib/tinyusb/src/portable/raspberrypi/rp2040/dcd_rp2040.c.obj
 .text._hw_endpoint_alloc
                0x10005308       0x70 CMakeFiles/adc_dma.dir/C_/Program_Files/Raspberry_Pi/Pico_SDK_v1.5.1/pico-sdk/lib/tinyusb/src/portable/raspberrypi/rp2040/dcd_rp2040.c.obj
 .text.hw_endpoint_init
                0x10005378       0x88 CMakeFiles/adc_dma.dir/C_/Program_Files/Raspberry_Pi/Pico_SDK_v1.5.1/pico-sdk/lib/tinyusb/src/portable/raspberrypi/rp2040/dcd_rp2040.c.obj
 .text.hw_endpoint_xfer
                0x10005400       0x14 CMakeFiles/adc_dma.dir/C_/Program_Files/Raspberry_Pi/Pico_SDK_v1.5.1/pico-sdk/lib/tinyusb/src/portable/raspberrypi/rp2040/dcd_rp2040.c.obj
 .text.dcd_int_enable
                0x10005414       0x2c CMakeFiles/adc_dma.dir/C_/Program_Files/Raspberry_Pi/Pico_SDK_v1.5.1/pico-sdk/lib/tinyusb/src/portable/raspberrypi/rp2040/dcd_rp2040.c.obj
                0x10005414                dcd_int_enable
 .text.dcd_set_address
                0x10005440       0x2c CMakeFiles/adc_dma.dir/C_/Program_Files/Raspberry_Pi/Pico_SDK_v1.5.1/pico-sdk/lib/tinyusb/src/portable/raspberrypi/rp2040/dcd_rp2040.c.obj
                0x10005440                dcd_set_address
 .text.dcd_connect
                0x1000546c       0x10 CMakeFiles/adc_dma.dir/C_/Program_Files/Raspberry_Pi/Pico_SDK_v1.5.1/pico-sdk/lib/tinyusb/src/portable/raspberrypi/rp2040/dcd_rp2040.c.obj
                0x1000546c                dcd_connect
 .text.dcd_init
                0x1000547c       0x80 CMakeFiles/adc_dma.dir/C_/Program_Files/Raspberry_Pi/Pico_SDK_v1.5.1/pico-sdk/lib/tinyusb/src/portable/raspberrypi/rp2040/dcd_rp2040.c.obj
                0x1000547c                dcd_init
 .text.dcd_edpt0_status_complete
                0x100054fc       0x1c CMakeFiles/adc_dma.dir/C_/Program_Files/Raspberry_Pi/Pico_SDK_v1.5.1/pico-sdk/lib/tinyusb/src/portable/raspberrypi/rp2040/dcd_rp2040.c.obj
                0x100054fc                dcd_edpt0_status_complete
 .text.dcd_edpt_open
                0x10005518       0x40 CMakeFiles/adc_dma.dir/C_/Program_Files/Raspberry_Pi/Pico_SDK_v1.5.1/pico-sdk/lib/tinyusb/src/portable/raspberrypi/rp2040/dcd_rp2040.c.obj
                0x10005518                dcd_edpt_open
 .text.dcd_edpt_close_all
                0x10005558        0x8 CMakeFiles/adc_dma.dir/C_/Program_Files/Raspberry_Pi/Pico_SDK_v1.5.1/pico-sdk/lib/tinyusb/src/portable/raspberrypi/rp2040/dcd_rp2040.c.obj
                0x10005558                dcd_edpt_close_all
 .text.dcd_edpt_xfer
                0x10005560       0x34 CMakeFiles/adc_dma.dir/C_/Program_Files/Raspberry_Pi/Pico_SDK_v1.5.1/pico-sdk/lib/tinyusb/src/portable/raspberrypi/rp2040/dcd_rp2040.c.obj
                0x10005560                dcd_edpt_xfer
 .text.dcd_edpt_stall
                0x10005594       0x2c CMakeFiles/adc_dma.dir/C_/Program_Files/Raspberry_Pi/Pico_SDK_v1.5.1/pico-sdk/lib/tinyusb/src/portable/raspberrypi/rp2040/dcd_rp2040.c.obj
                0x10005594                dcd_edpt_stall
 .text.dcd_edpt_clear_stall
                0x100055c0       0x20 CMakeFiles/adc_dma.dir/C_/Program_Files/Raspberry_Pi/Pico_SDK_v1.5.1/pico-sdk/lib/tinyusb/src/portable/raspberrypi/rp2040/dcd_rp2040.c.obj
                0x100055c0                dcd_edpt_clear_stall
 .text.rp2040_usb_init
                0x100055e0       0x4c CMakeFiles/adc_dma.dir/C_/Program_Files/Raspberry_Pi/Pico_SDK_v1.5.1/pico-sdk/lib/tinyusb/src/portable/raspberrypi/rp2040/rp2040_usb.c.obj
                0x100055e0                rp2040_usb_init
 .text.hw_endpoint_xfer_start
                0x1000562c       0x50 CMakeFiles/adc_dma.dir/C_/Program_Files/Raspberry_Pi/Pico_SDK_v1.5.1/pico-sdk/lib/tinyusb/src/portable/raspberrypi/rp2040/rp2040_usb.c.obj
                0x1000562c                hw_endpoint_xfer_start
 .text.configuration_reset
                0x1000567c       0x84 CMakeFiles/adc_dma.dir/C_/Program_Files/Raspberry_Pi/Pico_SDK_v1.5.1/pico-sdk/lib/tinyusb/src/device/usbd.c.obj
 .text.usbd_reset
                0x10005700        0xc CMakeFiles/adc_dma.dir/C_/Program_Files/Raspberry_Pi/Pico_SDK_v1.5.1/pico-sdk/lib/tinyusb/src/device/usbd.c.obj
 .text.invoke_class_control
                0x1000570c       0x1a CMakeFiles/adc_dma.dir/C_/Program_Files/Raspberry_Pi/Pico_SDK_v1.5.1/pico-sdk/lib/tinyusb/src/device/usbd.c.obj
 *fill*         0x10005726        0x2 
 .text.process_set_config
                0x10005728      0x178 CMakeFiles/adc_dma.dir/C_/Program_Files/Raspberry_Pi/Pico_SDK_v1.5.1/pico-sdk/lib/tinyusb/src/device/usbd.c.obj
 .text.process_get_descriptor
                0x100058a0       0xdc CMakeFiles/adc_dma.dir/C_/Program_Files/Raspberry_Pi/Pico_SDK_v1.5.1/pico-sdk/lib/tinyusb/src/device/usbd.c.obj
 .text.tud_mounted
                0x1000597c       0x10 CMakeFiles/adc_dma.dir/C_/Program_Files/Raspberry_Pi/Pico_SDK_v1.5.1/pico-sdk/lib/tinyusb/src/device/usbd.c.obj
                0x1000597c                tud_mounted
 .text.tud_suspended
                0x1000598c       0x10 CMakeFiles/adc_dma.dir/C_/Program_Files/Raspberry_Pi/Pico_SDK_v1.5.1/pico-sdk/lib/tinyusb/src/device/usbd.c.obj
                0x1000598c                tud_suspended
 .text.tud_inited
                0x1000599c       0x14 CMakeFiles/adc_dma.dir/C_/Program_Files/Raspberry_Pi/Pico_SDK_v1.5.1/pico-sdk/lib/tinyusb/src/device/usbd.c.obj
                0x1000599c                tud_inited
 .text.tud_init
                0x100059b0       0xcc CMakeFiles/adc_dma.dir/C_/Program_Files/Raspberry_Pi/Pico_SDK_v1.5.1/pico-sdk/lib/tinyusb/src/device/usbd.c.obj
                0x100059b0                tud_init
 .text.usbd_defer_func
                0x10005a7c       0x2a CMakeFiles/adc_dma.dir/C_/Program_Files/Raspberry_Pi/Pico_SDK_v1.5.1/pico-sdk/lib/tinyusb/src/device/usbd.c.obj
                0x10005a7c                usbd_defer_func
 *fill*         0x10005aa6        0x2 
 .text.usbd_edpt_open
                0x10005aa8       0x34 CMakeFiles/adc_dma.dir/C_/Program_Files/Raspberry_Pi/Pico_SDK_v1.5.1/pico-sdk/lib/tinyusb/src/device/usbd.c.obj
                0x10005aa8                usbd_edpt_open
 .text.usbd_open_edpt_pair
                0x10005adc       0x62 CMakeFiles/adc_dma.dir/C_/Program_Files/Raspberry_Pi/Pico_SDK_v1.5.1/pico-sdk/lib/tinyusb/src/device/usbd.c.obj
                0x10005adc                usbd_open_edpt_pair
 *fill*         0x10005b3e        0x2 
 .text.usbd_edpt_claim
                0x10005b40       0x28 CMakeFiles/adc_dma.dir/C_/Program_Files/Raspberry_Pi/Pico_SDK_v1.5.1/pico-sdk/lib/tinyusb/src/device/usbd.c.obj
                0x10005b40                usbd_edpt_claim
 .text.usbd_edpt_release
                0x10005b68       0x28 CMakeFiles/adc_dma.dir/C_/Program_Files/Raspberry_Pi/Pico_SDK_v1.5.1/pico-sdk/lib/tinyusb/src/device/usbd.c.obj
                0x10005b68                usbd_edpt_release
 .text.usbd_edpt_xfer
                0x10005b90       0x78 CMakeFiles/adc_dma.dir/C_/Program_Files/Raspberry_Pi/Pico_SDK_v1.5.1/pico-sdk/lib/tinyusb/src/device/usbd.c.obj
                0x10005b90                usbd_edpt_xfer
 .text.usbd_edpt_stall
                0x10005c08       0x48 CMakeFiles/adc_dma.dir/C_/Program_Files/Raspberry_Pi/Pico_SDK_v1.5.1/pico-sdk/lib/tinyusb/src/device/usbd.c.obj
                0x10005c08                usbd_edpt_stall
 .text.usbd_edpt_clear_stall
                0x10005c50       0x48 CMakeFiles/adc_dma.dir/C_/Program_Files/Raspberry_Pi/Pico_SDK_v1.5.1/pico-sdk/lib/tinyusb/src/device/usbd.c.obj
                0x10005c50                usbd_edpt_clear_stall
 .text.usbd_edpt_stalled
                0x10005c98       0x1c CMakeFiles/adc_dma.dir/C_/Program_Files/Raspberry_Pi/Pico_SDK_v1.5.1/pico-sdk/lib/tinyusb/src/device/usbd.c.obj
                0x10005c98                usbd_edpt_stalled
 .text.process_control_request
                0x10005cb4      0x37c CMakeFiles/adc_dma.dir/C_/Program_Files/Raspberry_Pi/Pico_SDK_v1.5.1/pico-sdk/lib/tinyusb/src/device/usbd.c.obj
 .text.tud_task_ext
                0x10006030      0x1b8 CMakeFiles/adc_dma.dir/C_/Program_Files/Raspberry_Pi/Pico_SDK_v1.5.1/pico-sdk/lib/tinyusb/src/device/usbd.c.obj
                0x10006030                tud_task_ext
 .text._data_stage_xact
                0x100061e8       0x58 CMakeFiles/adc_dma.dir/C_/Program_Files/Raspberry_Pi/Pico_SDK_v1.5.1/pico-sdk/lib/tinyusb/src/device/usbd_control.c.obj
 .text.tud_control_status
                0x10006240       0x38 CMakeFiles/adc_dma.dir/C_/Program_Files/Raspberry_Pi/Pico_SDK_v1.5.1/pico-sdk/lib/tinyusb/src/device/usbd_control.c.obj
                0x10006240                tud_control_status
 .text.tud_control_xfer
                0x10006278       0x74 CMakeFiles/adc_dma.dir/C_/Program_Files/Raspberry_Pi/Pico_SDK_v1.5.1/pico-sdk/lib/tinyusb/src/device/usbd_control.c.obj
                0x10006278                tud_control_xfer
 .text.usbd_control_reset
                0x100062ec       0x14 CMakeFiles/adc_dma.dir/C_/Program_Files/Raspberry_Pi/Pico_SDK_v1.5.1/pico-sdk/lib/tinyusb/src/device/usbd_control.c.obj
                0x100062ec                usbd_control_reset
 .text.usbd_control_set_complete_callback
                0x10006300        0xc CMakeFiles/adc_dma.dir/C_/Program_Files/Raspberry_Pi/Pico_SDK_v1.5.1/pico-sdk/lib/tinyusb/src/device/usbd_control.c.obj
                0x10006300                usbd_control_set_complete_callback
 .text.usbd_control_set_request
                0x1000630c       0x1c CMakeFiles/adc_dma.dir/C_/Program_Files/Raspberry_Pi/Pico_SDK_v1.5.1/pico-sdk/lib/tinyusb/src/device/usbd_control.c.obj
                0x1000630c                usbd_control_set_request
 .text.usbd_control_xfer_cb
                0x10006328       0xcc CMakeFiles/adc_dma.dir/C_/Program_Files/Raspberry_Pi/Pico_SDK_v1.5.1/pico-sdk/lib/tinyusb/src/device/usbd_control.c.obj
                0x10006328                usbd_control_xfer_cb
 .text._prep_out_transaction
                0x100063f4       0x4a CMakeFiles/adc_dma.dir/C_/Program_Files/Raspberry_Pi/Pico_SDK_v1.5.1/pico-sdk/lib/tinyusb/src/class/cdc/cdc_device.c.obj
 *fill*         0x1000643e        0x2 
 .text.tud_cdc_n_connected
                0x10006440       0x44 CMakeFiles/adc_dma.dir/C_/Program_Files/Raspberry_Pi/Pico_SDK_v1.5.1/pico-sdk/lib/tinyusb/src/class/cdc/cdc_device.c.obj
                0x10006440                tud_cdc_n_connected
 .text.tud_cdc_n_available
                0x10006484       0x18 CMakeFiles/adc_dma.dir/C_/Program_Files/Raspberry_Pi/Pico_SDK_v1.5.1/pico-sdk/lib/tinyusb/src/class/cdc/cdc_device.c.obj
                0x10006484                tud_cdc_n_available
 .text.tud_cdc_n_read
                0x1000649c       0x28 CMakeFiles/adc_dma.dir/C_/Program_Files/Raspberry_Pi/Pico_SDK_v1.5.1/pico-sdk/lib/tinyusb/src/class/cdc/cdc_device.c.obj
                0x1000649c                tud_cdc_n_read
 .text.tud_cdc_n_write_flush
                0x100064c4       0xb8 CMakeFiles/adc_dma.dir/C_/Program_Files/Raspberry_Pi/Pico_SDK_v1.5.1/pico-sdk/lib/tinyusb/src/class/cdc/cdc_device.c.obj
                0x100064c4                tud_cdc_n_write_flush
 .text.tud_cdc_n_write
                0x1000657c       0x38 CMakeFiles/adc_dma.dir/C_/Program_Files/Raspberry_Pi/Pico_SDK_v1.5.1/pico-sdk/lib/tinyusb/src/class/cdc/cdc_device.c.obj
                0x1000657c                tud_cdc_n_write
 .text.tud_cdc_n_write_available
                0x100065b4       0x1c CMakeFiles/adc_dma.dir/C_/Program_Files/Raspberry_Pi/Pico_SDK_v1.5.1/pico-sdk/lib/tinyusb/src/class/cdc/cdc_device.c.obj
                0x100065b4                tud_cdc_n_write_available
 .text.cdcd_init
                0x100065d0       0xbc CMakeFiles/adc_dma.dir/C_/Program_Files/Raspberry_Pi/Pico_SDK_v1.5.1/pico-sdk/lib/tinyusb/src/class/cdc/cdc_device.c.obj
                0x100065d0                cdcd_init
 .text.cdcd_reset
                0x1000668c       0x44 CMakeFiles/adc_dma.dir/C_/Program_Files/Raspberry_Pi/Pico_SDK_v1.5.1/pico-sdk/lib/tinyusb/src/class/cdc/cdc_device.c.obj
                0x1000668c                cdcd_reset
 .text.cdcd_open
                0x100066d0       0xcc CMakeFiles/adc_dma.dir/C_/Program_Files/Raspberry_Pi/Pico_SDK_v1.5.1/pico-sdk/lib/tinyusb/src/class/cdc/cdc_device.c.obj
                0x100066d0                cdcd_open
 .text.cdcd_control_xfer_cb
                0x1000679c      0x134 CMakeFiles/adc_dma.dir/C_/Program_Files/Raspberry_Pi/Pico_SDK_v1.5.1/pico-sdk/lib/tinyusb/src/class/cdc/cdc_device.c.obj
                0x1000679c                cdcd_control_xfer_cb
 .text.cdcd_xfer_cb
                0x100068d0      0x130 CMakeFiles/adc_dma.dir/C_/Program_Files/Raspberry_Pi/Pico_SDK_v1.5.1/pico-sdk/lib/tinyusb/src/class/cdc/cdc_device.c.obj
                0x100068d0                cdcd_xfer_cb
 .text.tusb_init
                0x10006a00        0xa CMakeFiles/adc_dma.dir/C_/Program_Files/Raspberry_Pi/Pico_SDK_v1.5.1/pico-sdk/lib/tinyusb/src/tusb.c.obj
                0x10006a00                tusb_init
 .text.tusb_inited
                0x10006a0a        0xe CMakeFiles/adc_dma.dir/C_/Program_Files/Raspberry_Pi/Pico_SDK_v1.5.1/pico-sdk/lib/tinyusb/src/tusb.c.obj
                0x10006a0a                tusb_inited
 .text.tu_edpt_claim
                0x10006a18       0x50 CMakeFiles/adc_dma.dir/C_/Program_Files/Raspberry_Pi/Pico_SDK_v1.5.1/pico-sdk/lib/tinyusb/src/tusb.c.obj
                0x10006a18                tu_edpt_claim
 .text.tu_edpt_release
                0x10006a68       0x3c CMakeFiles/adc_dma.dir/C_/Program_Files/Raspberry_Pi/Pico_SDK_v1.5.1/pico-sdk/lib/tinyusb/src/tusb.c.obj
                0x10006a68                tu_edpt_release
 .text.tu_edpt_validate
                0x10006aa4       0x78 CMakeFiles/adc_dma.dir/C_/Program_Files/Raspberry_Pi/Pico_SDK_v1.5.1/pico-sdk/lib/tinyusb/src/tusb.c.obj
                0x10006aa4                tu_edpt_validate
 .text.tu_edpt_bind_driver
                0x10006b1c       0x26 CMakeFiles/adc_dma.dir/C_/Program_Files/Raspberry_Pi/Pico_SDK_v1.5.1/pico-sdk/lib/tinyusb/src/tusb.c.obj
                0x10006b1c                tu_edpt_bind_driver
 .text.advance_index
                0x10006b42       0x1a CMakeFiles/adc_dma.dir/C_/Program_Files/Raspberry_Pi/Pico_SDK_v1.5.1/pico-sdk/lib/tinyusb/src/common/tusb_fifo.c.obj
 .text._tu_fifo_peek
                0x10006b5c       0x56 CMakeFiles/adc_dma.dir/C_/Program_Files/Raspberry_Pi/Pico_SDK_v1.5.1/pico-sdk/lib/tinyusb/src/common/tusb_fifo.c.obj
 .text._ff_pull_const_addr
                0x10006bb2       0x4c CMakeFiles/adc_dma.dir/C_/Program_Files/Raspberry_Pi/Pico_SDK_v1.5.1/pico-sdk/lib/tinyusb/src/common/tusb_fifo.c.obj
 .text._ff_pull_n
                0x10006bfe      0x110 CMakeFiles/adc_dma.dir/C_/Program_Files/Raspberry_Pi/Pico_SDK_v1.5.1/pico-sdk/lib/tinyusb/src/common/tusb_fifo.c.obj
 .text._tu_fifo_peek_n
                0x10006d0e       0x6a CMakeFiles/adc_dma.dir/C_/Program_Files/Raspberry_Pi/Pico_SDK_v1.5.1/pico-sdk/lib/tinyusb/src/common/tusb_fifo.c.obj
 .text._tu_fifo_read_n
                0x10006d78       0x4e CMakeFiles/adc_dma.dir/C_/Program_Files/Raspberry_Pi/Pico_SDK_v1.5.1/pico-sdk/lib/tinyusb/src/common/tusb_fifo.c.obj
 .text._ff_push_const_addr
                0x10006dc6       0x40 CMakeFiles/adc_dma.dir/C_/Program_Files/Raspberry_Pi/Pico_SDK_v1.5.1/pico-sdk/lib/tinyusb/src/common/tusb_fifo.c.obj
 .text._ff_push_n
                0x10006e06      0x10c CMakeFiles/adc_dma.dir/C_/Program_Files/Raspberry_Pi/Pico_SDK_v1.5.1/pico-sdk/lib/tinyusb/src/common/tusb_fifo.c.obj
 .text._tu_fifo_write_n
                0x10006f12       0xf0 CMakeFiles/adc_dma.dir/C_/Program_Files/Raspberry_Pi/Pico_SDK_v1.5.1/pico-sdk/lib/tinyusb/src/common/tusb_fifo.c.obj
 .text.tu_fifo_config
                0x10007002       0x7c CMakeFiles/adc_dma.dir/C_/Program_Files/Raspberry_Pi/Pico_SDK_v1.5.1/pico-sdk/lib/tinyusb/src/common/tusb_fifo.c.obj
                0x10007002                tu_fifo_config
 .text.tu_fifo_count
                0x1000707e       0x2a CMakeFiles/adc_dma.dir/C_/Program_Files/Raspberry_Pi/Pico_SDK_v1.5.1/pico-sdk/lib/tinyusb/src/common/tusb_fifo.c.obj
                0x1000707e                tu_fifo_count
 .text.tu_fifo_empty
                0x100070a8       0x10 CMakeFiles/adc_dma.dir/C_/Program_Files/Raspberry_Pi/Pico_SDK_v1.5.1/pico-sdk/lib/tinyusb/src/common/tusb_fifo.c.obj
                0x100070a8                tu_fifo_empty
 .text.tu_fifo_full
                0x100070b8       0x28 CMakeFiles/adc_dma.dir/C_/Program_Files/Raspberry_Pi/Pico_SDK_v1.5.1/pico-sdk/lib/tinyusb/src/common/tusb_fifo.c.obj
                0x100070b8                tu_fifo_full
 .text.tu_fifo_remaining
                0x100070e0       0x2c CMakeFiles/adc_dma.dir/C_/Program_Files/Raspberry_Pi/Pico_SDK_v1.5.1/pico-sdk/lib/tinyusb/src/common/tusb_fifo.c.obj
                0x100070e0                tu_fifo_remaining
 .text.tu_fifo_read
                0x1000710c       0x42 CMakeFiles/adc_dma.dir/C_/Program_Files/Raspberry_Pi/Pico_SDK_v1.5.1/pico-sdk/lib/tinyusb/src/common/tusb_fifo.c.obj
                0x1000710c                tu_fifo_read
 .text.tu_fifo_read_n
                0x1000714e        0xa CMakeFiles/adc_dma.dir/C_/Program_Files/Raspberry_Pi/Pico_SDK_v1.5.1/pico-sdk/lib/tinyusb/src/common/tusb_fifo.c.obj
                0x1000714e                tu_fifo_read_n
 .text.tu_fifo_write
                0x10007158       0x64 CMakeFiles/adc_dma.dir/C_/Program_Files/Raspberry_Pi/Pico_SDK_v1.5.1/pico-sdk/lib/tinyusb/src/common/tusb_fifo.c.obj
                0x10007158                tu_fifo_write
 .text.tu_fifo_write_n
                0x100071bc        0xa CMakeFiles/adc_dma.dir/C_/Program_Files/Raspberry_Pi/Pico_SDK_v1.5.1/pico-sdk/lib/tinyusb/src/common/tusb_fifo.c.obj
                0x100071bc                tu_fifo_write_n
 .text.tu_fifo_clear
                0x100071c6       0x3e CMakeFiles/adc_dma.dir/C_/Program_Files/Raspberry_Pi/Pico_SDK_v1.5.1/pico-sdk/lib/tinyusb/src/common/tusb_fifo.c.obj
                0x100071c6                tu_fifo_clear
 .text.tu_fifo_set_overwritable
                0x10007204       0x46 CMakeFiles/adc_dma.dir/C_/Program_Files/Raspberry_Pi/Pico_SDK_v1.5.1/pico-sdk/lib/tinyusb/src/common/tusb_fifo.c.obj
                0x10007204                tu_fifo_set_overwritable
 *fill*         0x1000724a        0x2 
 .text.strlen   0x1000724c       0x5c c:/progra~1/raspbe~1/picosd~1.1/gcc-ar~1/bin/../lib/gcc/arm-none-eabi/10.3.1/../../../../arm-none-eabi/lib/thumb/v6-m/nofp\libg.a(lib_a-strlen-stub.o)
                0x1000724c                strlen
 *(.fini)
 .fini          0x100072a8        0x4 c:/progra~1/raspbe~1/picosd~1.1/gcc-ar~1/bin/../lib/gcc/arm-none-eabi/10.3.1/thumb/v6-m/nofp/crti.o
                0x100072a8                _fini
 *fill*         0x100072ac        0x4 
 .fini.__stub   0x100072b0       0xe0 linker stubs
 *crtbegin.o(.ctors)
 *crtbegin?.o(.ctors)
 *(EXCLUDE_FILE(*crtend.o *crtend?.o) .ctors)
 *(SORT_BY_NAME(.ctors.*))
 *(.ctors)
 *crtbegin.o(.dtors)
 *crtbegin?.o(.dtors)
 *(EXCLUDE_FILE(*crtend.o *crtend?.o) .dtors)
 *(SORT_BY_NAME(.dtors.*))
 *(.dtors)
 *(.eh_frame*)
 .eh_frame      0x10007390        0x0 c:/progra~1/raspbe~1/picosd~1.1/gcc-ar~1/bin/../lib/gcc/arm-none-eabi/10.3.1/thumb/v6-m/nofp/crtbegin.o
                0x10007390                . = ALIGN (0x4)

.glue_7         0x10007390        0x0
 .glue_7        0x10007390        0x0 linker stubs

.glue_7t        0x10007390        0x0
 .glue_7t       0x10007390        0x0 linker stubs

.vfp11_veneer   0x10007390        0x0
 .vfp11_veneer  0x10007390        0x0 linker stubs

.v4_bx          0x10007390        0x0
 .v4_bx         0x10007390        0x0 linker stubs

.iplt           0x10007390        0x0
 .iplt          0x10007390        0x0 c:/progra~1/raspbe~1/picosd~1.1/gcc-ar~1/bin/../lib/gcc/arm-none-eabi/10.3.1/thumb/v6-m/nofp/crtbegin.o

.rodata         0x10007390     0x1794
 *(EXCLUDE_FILE(*libm.a: *libc.a:*lib_a-mem*.o *libgcc.a:) .rodata*)
 .rodata.main.str1.4
                0x10007390       0x16 CMakeFiles/adc_dma.dir/adc_dma.c.obj
 *fill*         0x100073a6        0x2 
 .rodata.spin_lock_claim_unused.str1.4
                0x100073a8       0x1b CMakeFiles/adc_dma.dir/C_/Program_Files/Raspberry_Pi/Pico_SDK_v1.5.1/pico-sdk/src/rp2_common/hardware_sync/sync.c.obj
 *fill*         0x100073c3        0x1 
 .rodata.make_branch.str1.4
                0x100073c4       0x89 CMakeFiles/adc_dma.dir/C_/Program_Files/Raspberry_Pi/Pico_SDK_v1.5.1/pico-sdk/src/rp2_common/hardware_irq/irq.c.obj
 *fill*         0x1000744d        0x3 
 .rodata.insert_branch_and_link.str1.4
                0x10007450       0x10 CMakeFiles/adc_dma.dir/C_/Program_Files/Raspberry_Pi/Pico_SDK_v1.5.1/pico-sdk/src/rp2_common/hardware_irq/irq.c.obj
 .rodata.irq_set_exclusive_handler.str1.4
                0x10007460       0x36 CMakeFiles/adc_dma.dir/C_/Program_Files/Raspberry_Pi/Pico_SDK_v1.5.1/pico-sdk/src/rp2_common/hardware_irq/irq.c.obj
 *fill*         0x10007496        0x2 
 .rodata.irq_add_shared_handler.str1.4
                0x10007498       0xd9 CMakeFiles/adc_dma.dir/C_/Program_Files/Raspberry_Pi/Pico_SDK_v1.5.1/pico-sdk/src/rp2_common/hardware_irq/irq.c.obj
 *fill*         0x10007571        0x3 
 .rodata.irq_remove_handler.str1.4
                0x10007574       0x3a CMakeFiles/adc_dma.dir/C_/Program_Files/Raspberry_Pi/Pico_SDK_v1.5.1/pico-sdk/src/rp2_common/hardware_irq/irq.c.obj
 *fill*         0x100075ae        0x2 
 .rodata.irq_add_tail_to_free_list.str1.4
                0x100075b0       0x3a CMakeFiles/adc_dma.dir/C_/Program_Files/Raspberry_Pi/Pico_SDK_v1.5.1/pico-sdk/src/rp2_common/hardware_irq/irq.c.obj
 *fill*         0x100075ea        0x2 
 .rodata.user_irq_claim_unused.str1.4
                0x100075ec       0x1b CMakeFiles/adc_dma.dir/C_/Program_Files/Raspberry_Pi/Pico_SDK_v1.5.1/pico-sdk/src/rp2_common/hardware_irq/irq.c.obj
 *fill*         0x10007607        0x1 
 .rodata.__func__.0
                0x10007608       0x1a CMakeFiles/adc_dma.dir/C_/Program_Files/Raspberry_Pi/Pico_SDK_v1.5.1/pico-sdk/src/rp2_common/hardware_irq/irq.c.obj
 *fill*         0x10007622        0x2 
 .rodata.__func__.1
                0x10007624       0x17 CMakeFiles/adc_dma.dir/C_/Program_Files/Raspberry_Pi/Pico_SDK_v1.5.1/pico-sdk/src/rp2_common/hardware_irq/irq.c.obj
 *fill*         0x1000763b        0x1 
 .rodata.__func__.2
                0x1000763c       0x13 CMakeFiles/adc_dma.dir/C_/Program_Files/Raspberry_Pi/Pico_SDK_v1.5.1/pico-sdk/src/rp2_common/hardware_irq/irq.c.obj
 *fill*         0x1000764f        0x1 
 .rodata.__func__.3
                0x10007650        0xc CMakeFiles/adc_dma.dir/C_/Program_Files/Raspberry_Pi/Pico_SDK_v1.5.1/pico-sdk/src/rp2_common/hardware_irq/irq.c.obj
 .rodata.__func__.4
                0x1000765c        0xf CMakeFiles/adc_dma.dir/C_/Program_Files/Raspberry_Pi/Pico_SDK_v1.5.1/pico-sdk/src/rp2_common/hardware_irq/irq.c.obj
 *fill*         0x1000766b        0x1 
 .rodata.__func__.5
                0x1000766c       0x17 CMakeFiles/adc_dma.dir/C_/Program_Files/Raspberry_Pi/Pico_SDK_v1.5.1/pico-sdk/src/rp2_common/hardware_irq/irq.c.obj
 *fill*         0x10007683        0x1 
 .rodata.__func__.6
                0x10007684       0x1a CMakeFiles/adc_dma.dir/C_/Program_Files/Raspberry_Pi/Pico_SDK_v1.5.1/pico-sdk/src/rp2_common/hardware_irq/irq.c.obj
 *fill*         0x1000769e        0x2 
 .rodata.str1.4
                0x100076a0      0x125 CMakeFiles/adc_dma.dir/C_/Program_Files/Raspberry_Pi/Pico_SDK_v1.5.1/pico-sdk/src/common/pico_sync/mutex.c.obj
 *fill*         0x100077c5        0x3 
 .rodata.__func__.1
                0x100077c8        0xb CMakeFiles/adc_dma.dir/C_/Program_Files/Raspberry_Pi/Pico_SDK_v1.5.1/pico-sdk/src/common/pico_sync/mutex.c.obj
 *fill*         0x100077d3        0x1 
 .rodata.__func__.3
                0x100077d4       0x18 CMakeFiles/adc_dma.dir/C_/Program_Files/Raspberry_Pi/Pico_SDK_v1.5.1/pico-sdk/src/common/pico_sync/mutex.c.obj
 .rodata.__func__.4
                0x100077ec       0x15 CMakeFiles/adc_dma.dir/C_/Program_Files/Raspberry_Pi/Pico_SDK_v1.5.1/pico-sdk/src/common/pico_sync/mutex.c.obj
 *fill*         0x10007801        0x3 
 .rodata.repeating_timer_callback.str1.4
                0x10007804       0x67 CMakeFiles/adc_dma.dir/C_/Program_Files/Raspberry_Pi/Pico_SDK_v1.5.1/pico-sdk/src/common/pico_time/time.c.obj
 *fill*         0x1000786b        0x1 
 .rodata.timer_pool_entry_comparator.str1.4
                0x1000786c       0x22 CMakeFiles/adc_dma.dir/C_/Program_Files/Raspberry_Pi/Pico_SDK_v1.5.1/pico-sdk/src/common/pico_time/time.c.obj
 *fill*         0x1000788e        0x2 
 .rodata.ph_add_child_node.str1.4
                0x10007890       0xb2 CMakeFiles/adc_dma.dir/C_/Program_Files/Raspberry_Pi/Pico_SDK_v1.5.1/pico-sdk/src/common/pico_time/time.c.obj
 *fill*         0x10007942        0x2 
 .rodata.add_alarm_under_lock.str1.4
                0x10007944       0x28 CMakeFiles/adc_dma.dir/C_/Program_Files/Raspberry_Pi/Pico_SDK_v1.5.1/pico-sdk/src/common/pico_time/time.c.obj
                                 0x2b (size before relaxing)
 .rodata.alarm_pool_alarm_callback.str1.4
                0x1000796c       0x98 CMakeFiles/adc_dma.dir/C_/Program_Files/Raspberry_Pi/Pico_SDK_v1.5.1/pico-sdk/src/common/pico_time/time.c.obj
                                0x118 (size before relaxing)
 .rodata.alarm_pool_get_default.str1.4
                0x10007a04       0x21 CMakeFiles/adc_dma.dir/C_/Program_Files/Raspberry_Pi/Pico_SDK_v1.5.1/pico-sdk/src/common/pico_time/time.c.obj
 *fill*         0x10007a25        0x3 
 .rodata.alarm_pool_cancel_alarm.str1.4
                0x10007a28       0x27 CMakeFiles/adc_dma.dir/C_/Program_Files/Raspberry_Pi/Pico_SDK_v1.5.1/pico-sdk/src/common/pico_time/time.c.obj
 *fill*         0x10007a4f        0x1 
 .rodata.sleep_until.str1.4
                0x10007a50       0x4d CMakeFiles/adc_dma.dir/C_/Program_Files/Raspberry_Pi/Pico_SDK_v1.5.1/pico-sdk/src/common/pico_time/time.c.obj
 *fill*         0x10007a9d        0x3 
 .rodata.__func__.1
                0x10007aa0       0x18 CMakeFiles/adc_dma.dir/C_/Program_Files/Raspberry_Pi/Pico_SDK_v1.5.1/pico-sdk/src/common/pico_time/time.c.obj
 .rodata.__func__.10
                0x10007ab8       0x15 CMakeFiles/adc_dma.dir/C_/Program_Files/Raspberry_Pi/Pico_SDK_v1.5.1/pico-sdk/src/common/pico_time/time.c.obj
 *fill*         0x10007acd        0x3 
 .rodata.__func__.11
                0x10007ad0       0x1a CMakeFiles/adc_dma.dir/C_/Program_Files/Raspberry_Pi/Pico_SDK_v1.5.1/pico-sdk/src/common/pico_time/time.c.obj
 *fill*         0x10007aea        0x2 
 .rodata.__func__.12
                0x10007aec        0xa CMakeFiles/adc_dma.dir/C_/Program_Files/Raspberry_Pi/Pico_SDK_v1.5.1/pico-sdk/src/common/pico_time/time.c.obj
 *fill*         0x10007af6        0x2 
 .rodata.__func__.3
                0x10007af8       0x17 CMakeFiles/adc_dma.dir/C_/Program_Files/Raspberry_Pi/Pico_SDK_v1.5.1/pico-sdk/src/common/pico_time/time.c.obj
 *fill*         0x10007b0f        0x1 
 .rodata.__func__.4
                0x10007b10       0x12 CMakeFiles/adc_dma.dir/C_/Program_Files/Raspberry_Pi/Pico_SDK_v1.5.1/pico-sdk/src/common/pico_time/time.c.obj
 *fill*         0x10007b22        0x2 
 .rodata.__func__.5
                0x10007b24        0xd CMakeFiles/adc_dma.dir/C_/Program_Files/Raspberry_Pi/Pico_SDK_v1.5.1/pico-sdk/src/common/pico_time/time.c.obj
 *fill*         0x10007b31        0x3 
 .rodata.__func__.6
                0x10007b34       0x12 CMakeFiles/adc_dma.dir/C_/Program_Files/Raspberry_Pi/Pico_SDK_v1.5.1/pico-sdk/src/common/pico_time/time.c.obj
 *fill*         0x10007b46        0x2 
 .rodata.__func__.7
                0x10007b48        0xf CMakeFiles/adc_dma.dir/C_/Program_Files/Raspberry_Pi/Pico_SDK_v1.5.1/pico-sdk/src/common/pico_time/time.c.obj
 *fill*         0x10007b57        0x1 
 .rodata.__func__.8
                0x10007b58        0xc CMakeFiles/adc_dma.dir/C_/Program_Files/Raspberry_Pi/Pico_SDK_v1.5.1/pico-sdk/src/common/pico_time/time.c.obj
 .rodata.__func__.9
                0x10007b64       0x15 CMakeFiles/adc_dma.dir/C_/Program_Files/Raspberry_Pi/Pico_SDK_v1.5.1/pico-sdk/src/common/pico_time/time.c.obj
 *fill*         0x10007b79        0x3 
 .rodata.hardware_alarm_claim.str1.4
                0x10007b7c       0x22 CMakeFiles/adc_dma.dir/C_/Program_Files/Raspberry_Pi/Pico_SDK_v1.5.1/pico-sdk/src/rp2_common/hardware_timer/timer.c.obj
 .rodata.busy_wait_us.str1.4
                0x10007b9e       0x7d CMakeFiles/adc_dma.dir/C_/Program_Files/Raspberry_Pi/Pico_SDK_v1.5.1/pico-sdk/src/rp2_common/hardware_timer/timer.c.obj
 *fill*         0x10007b9e        0x2 
 .rodata.hardware_alarm_set_target.str1.4
                0x10007ba0       0x81 CMakeFiles/adc_dma.dir/C_/Program_Files/Raspberry_Pi/Pico_SDK_v1.5.1/pico-sdk/src/rp2_common/hardware_timer/timer.c.obj
 *fill*         0x10007c21        0x3 
 .rodata.__func__.0
                0x10007c24       0x1a CMakeFiles/adc_dma.dir/C_/Program_Files/Raspberry_Pi/Pico_SDK_v1.5.1/pico-sdk/src/rp2_common/hardware_timer/timer.c.obj
 *fill*         0x10007c3e        0x2 
 .rodata.__func__.1
                0x10007c40       0x15 CMakeFiles/adc_dma.dir/C_/Program_Files/Raspberry_Pi/Pico_SDK_v1.5.1/pico-sdk/src/rp2_common/hardware_timer/timer.c.obj
 .rodata.ph_add_child_node.str1.4
                0x10007c55       0xb2 CMakeFiles/adc_dma.dir/C_/Program_Files/Raspberry_Pi/Pico_SDK_v1.5.1/pico-sdk/src/common/pico_util/pheap.c.obj
 *fill*         0x10007c55        0x3 
 .rodata.ph_remove_any_head.str1.4
                0x10007c58       0xa8 CMakeFiles/adc_dma.dir/C_/Program_Files/Raspberry_Pi/Pico_SDK_v1.5.1/pico-sdk/src/common/pico_util/pheap.c.obj
                                 0xbc (size before relaxing)
 .rodata.ph_remove_and_free_node.str1.4
                0x10007d00       0x1e CMakeFiles/adc_dma.dir/C_/Program_Files/Raspberry_Pi/Pico_SDK_v1.5.1/pico-sdk/src/common/pico_util/pheap.c.obj
                                 0x26 (size before relaxing)
 *fill*         0x10007d1e        0x2 
 .rodata.__func__.0
                0x10007d20       0x18 CMakeFiles/adc_dma.dir/C_/Program_Files/Raspberry_Pi/Pico_SDK_v1.5.1/pico-sdk/src/common/pico_util/pheap.c.obj
 .rodata.__func__.1
                0x10007d38       0x13 CMakeFiles/adc_dma.dir/C_/Program_Files/Raspberry_Pi/Pico_SDK_v1.5.1/pico-sdk/src/common/pico_util/pheap.c.obj
 *fill*         0x10007d4b        0x1 
 .rodata.__func__.2
                0x10007d4c       0x12 CMakeFiles/adc_dma.dir/C_/Program_Files/Raspberry_Pi/Pico_SDK_v1.5.1/pico-sdk/src/common/pico_util/pheap.c.obj
 *fill*         0x10007d5e        0x2 
 .rodata.__func__.3
                0x10007d60        0xc CMakeFiles/adc_dma.dir/C_/Program_Files/Raspberry_Pi/Pico_SDK_v1.5.1/pico-sdk/src/common/pico_util/pheap.c.obj
 .rodata.clock_configure.str1.4
                0x10007d6c       0x73 CMakeFiles/adc_dma.dir/C_/Program_Files/Raspberry_Pi/Pico_SDK_v1.5.1/pico-sdk/src/rp2_common/hardware_clocks/clocks.c.obj
 *fill*         0x10007ddf        0x1 
 .rodata.__func__.1
                0x10007de0       0x10 CMakeFiles/adc_dma.dir/C_/Program_Files/Raspberry_Pi/Pico_SDK_v1.5.1/pico-sdk/src/rp2_common/hardware_clocks/clocks.c.obj
 .rodata.pll_init.str1.4
                0x10007df0      0x140 CMakeFiles/adc_dma.dir/C_/Program_Files/Raspberry_Pi/Pico_SDK_v1.5.1/pico-sdk/src/rp2_common/hardware_pll/pll.c.obj
 .rodata.__func__.0
                0x10007f30        0x9 CMakeFiles/adc_dma.dir/C_/Program_Files/Raspberry_Pi/Pico_SDK_v1.5.1/pico-sdk/src/rp2_common/hardware_pll/pll.c.obj
 *fill*         0x10007f39        0x3 
 .rodata.__assert_func.str1.4
                0x10007f3c       0x3f CMakeFiles/adc_dma.dir/C_/Program_Files/Raspberry_Pi/Pico_SDK_v1.5.1/pico-sdk/src/rp2_common/pico_runtime/runtime.c.obj
                                 0x43 (size before relaxing)
 *fill*         0x10007f7b        0x1 
 .rodata.runtime_init.str1.4
                0x10007f7c       0x7d CMakeFiles/adc_dma.dir/C_/Program_Files/Raspberry_Pi/Pico_SDK_v1.5.1/pico-sdk/src/rp2_common/pico_runtime/runtime.c.obj
 *fill*         0x10007ff9        0x3 
 .rodata.panic.str1.4
                0x10007ffc       0x10 CMakeFiles/adc_dma.dir/C_/Program_Files/Raspberry_Pi/Pico_SDK_v1.5.1/pico-sdk/src/rp2_common/pico_runtime/runtime.c.obj
                                 0x12 (size before relaxing)
 .rodata.__func__.2
                0x1000800c        0xd CMakeFiles/adc_dma.dir/C_/Program_Files/Raspberry_Pi/Pico_SDK_v1.5.1/pico-sdk/src/rp2_common/pico_runtime/runtime.c.obj
 *fill*         0x10008019        0x3 
 .rodata._ftoa.str1.4
                0x1000801c       0x15 CMakeFiles/adc_dma.dir/C_/Program_Files/Raspberry_Pi/Pico_SDK_v1.5.1/pico-sdk/src/rp2_common/pico_printf/printf.c.obj
 *fill*         0x10008031        0x3 
 .rodata._vsnprintf
                0x10008034      0x1e0 CMakeFiles/adc_dma.dir/C_/Program_Files/Raspberry_Pi/Pico_SDK_v1.5.1/pico-sdk/src/rp2_common/pico_printf/printf.c.obj
 *fill*         0x10008214        0x4 
 .rodata.pow10.0
                0x10008218       0x50 CMakeFiles/adc_dma.dir/C_/Program_Files/Raspberry_Pi/Pico_SDK_v1.5.1/pico-sdk/src/rp2_common/pico_printf/printf.c.obj
 .rodata.__aeabi_double_init.str1.4
                0x10008268       0xb8 CMakeFiles/adc_dma.dir/C_/Program_Files/Raspberry_Pi/Pico_SDK_v1.5.1/pico-sdk/src/rp2_common/pico_double/double_init_rom.c.obj
 .rodata.__func__.0
                0x10008320       0x14 CMakeFiles/adc_dma.dir/C_/Program_Files/Raspberry_Pi/Pico_SDK_v1.5.1/pico-sdk/src/rp2_common/pico_double/double_init_rom.c.obj
 .rodata.__aeabi_float_init.str1.4
                0x10008334       0x96 CMakeFiles/adc_dma.dir/C_/Program_Files/Raspberry_Pi/Pico_SDK_v1.5.1/pico-sdk/src/rp2_common/pico_float/float_init_rom.c.obj
                                 0x9a (size before relaxing)
 *fill*         0x100083ca        0x2 
 .rodata.__func__.0
                0x100083cc       0x13 CMakeFiles/adc_dma.dir/C_/Program_Files/Raspberry_Pi/Pico_SDK_v1.5.1/pico-sdk/src/rp2_common/pico_float/float_init_rom.c.obj
 *fill*         0x100083df        0x1 
 .rodata.str1.4
                0x100083e0       0x3c CMakeFiles/adc_dma.dir/C_/Program_Files/Raspberry_Pi/Pico_SDK_v1.5.1/pico-sdk/src/rp2_common/pico_standard_link/binary_info.c.obj
 .rodata.__bi_44
                0x1000841c        0xc CMakeFiles/adc_dma.dir/C_/Program_Files/Raspberry_Pi/Pico_SDK_v1.5.1/pico-sdk/src/rp2_common/pico_standard_link/binary_info.c.obj
 .rodata.__bi_75
                0x10008428        0xc CMakeFiles/adc_dma.dir/C_/Program_Files/Raspberry_Pi/Pico_SDK_v1.5.1/pico-sdk/src/rp2_common/pico_standard_link/binary_info.c.obj
 .rodata.__bi_81
                0x10008434        0xc CMakeFiles/adc_dma.dir/C_/Program_Files/Raspberry_Pi/Pico_SDK_v1.5.1/pico-sdk/src/rp2_common/pico_standard_link/binary_info.c.obj
 .rodata.stdout_serialize_begin.str1.4
                0x10008440       0x7d CMakeFiles/adc_dma.dir/C_/Program_Files/Raspberry_Pi/Pico_SDK_v1.5.1/pico-sdk/src/rp2_common/pico_stdio/stdio.c.obj
 .rodata.__func__.3
                0x10008440       0x15 CMakeFiles/adc_dma.dir/C_/Program_Files/Raspberry_Pi/Pico_SDK_v1.5.1/pico-sdk/src/rp2_common/pico_stdio/stdio.c.obj
 *fill*         0x10008455        0x3 
 .rodata.crlf_str.2
                0x10008458        0x2 CMakeFiles/adc_dma.dir/C_/Program_Files/Raspberry_Pi/Pico_SDK_v1.5.1/pico-sdk/src/rp2_common/pico_stdio/stdio.c.obj
 *fill*         0x1000845a        0x2 
 .rodata.str1.4
                0x1000845c       0x2c CMakeFiles/adc_dma.dir/C_/Program_Files/Raspberry_Pi/Pico_SDK_v1.5.1/pico-sdk/src/rp2_common/pico_stdio_uart/stdio_uart.c.obj
 .rodata.__bi_33.4
                0x10008488        0xc CMakeFiles/adc_dma.dir/C_/Program_Files/Raspberry_Pi/Pico_SDK_v1.5.1/pico-sdk/src/rp2_common/pico_stdio_uart/stdio_uart.c.obj
 .rodata.__bi_34.5
                0x10008494        0x8 CMakeFiles/adc_dma.dir/C_/Program_Files/Raspberry_Pi/Pico_SDK_v1.5.1/pico-sdk/src/rp2_common/pico_stdio_uart/stdio_uart.c.obj
 .rodata._resetd_driver
                0x1000849c       0x18 CMakeFiles/adc_dma.dir/C_/Program_Files/Raspberry_Pi/Pico_SDK_v1.5.1/pico-sdk/src/rp2_common/pico_stdio_usb/reset_interface.c.obj
 .rodata.low_priority_worker_irq.str1.4
                0x100084b4       0x7d CMakeFiles/adc_dma.dir/C_/Program_Files/Raspberry_Pi/Pico_SDK_v1.5.1/pico-sdk/src/rp2_common/pico_stdio_usb/stdio_usb.c.obj
 .rodata.stdio_usb_init.str1.4
                0x100084b4       0x61 CMakeFiles/adc_dma.dir/C_/Program_Files/Raspberry_Pi/Pico_SDK_v1.5.1/pico-sdk/src/rp2_common/pico_stdio_usb/stdio_usb.c.obj
                                 0x69 (size before relaxing)
 *fill*         0x10008515        0x3 
 .rodata.str1.4
                0x10008518       0x13 CMakeFiles/adc_dma.dir/C_/Program_Files/Raspberry_Pi/Pico_SDK_v1.5.1/pico-sdk/src/rp2_common/pico_stdio_usb/stdio_usb.c.obj
 *fill*         0x1000852b        0x1 
 .rodata.__bi_182.0
                0x1000852c        0xc CMakeFiles/adc_dma.dir/C_/Program_Files/Raspberry_Pi/Pico_SDK_v1.5.1/pico-sdk/src/rp2_common/pico_stdio_usb/stdio_usb.c.obj
 .rodata.__func__.1
                0x10008538        0xf CMakeFiles/adc_dma.dir/C_/Program_Files/Raspberry_Pi/Pico_SDK_v1.5.1/pico-sdk/src/rp2_common/pico_stdio_usb/stdio_usb.c.obj
 *fill*         0x10008547        0x1 
 .rodata.__func__.3
                0x10008548       0x15 CMakeFiles/adc_dma.dir/C_/Program_Files/Raspberry_Pi/Pico_SDK_v1.5.1/pico-sdk/src/rp2_common/pico_stdio_usb/stdio_usb.c.obj
 *fill*         0x1000855d        0x3 
 .rodata.str1.4
                0x10008560       0x2a CMakeFiles/adc_dma.dir/C_/Program_Files/Raspberry_Pi/Pico_SDK_v1.5.1/pico-sdk/src/rp2_common/pico_stdio_usb/stdio_usb_descriptors.c.obj
 *fill*         0x1000858a        0x2 
 .rodata.usbd_desc_cfg
                0x1000858c       0x54 CMakeFiles/adc_dma.dir/C_/Program_Files/Raspberry_Pi/Pico_SDK_v1.5.1/pico-sdk/src/rp2_common/pico_stdio_usb/stdio_usb_descriptors.c.obj
 .rodata.usbd_desc_device
                0x100085e0       0x12 CMakeFiles/adc_dma.dir/C_/Program_Files/Raspberry_Pi/Pico_SDK_v1.5.1/pico-sdk/src/rp2_common/pico_stdio_usb/stdio_usb_descriptors.c.obj
 *fill*         0x100085f2        0x2 
 .rodata.usbd_desc_str
                0x100085f4       0x18 CMakeFiles/adc_dma.dir/C_/Program_Files/Raspberry_Pi/Pico_SDK_v1.5.1/pico-sdk/src/rp2_common/pico_stdio_usb/stdio_usb_descriptors.c.obj
 .rodata.pico_get_unique_board_id_string.str1.4
                0x1000860c       0x69 CMakeFiles/adc_dma.dir/C_/Program_Files/Raspberry_Pi/Pico_SDK_v1.5.1/pico-sdk/src/rp2_common/pico_unique_id/unique_id.c.obj
 *fill*         0x10008675        0x3 
 .rodata.__func__.0
                0x10008678       0x20 CMakeFiles/adc_dma.dir/C_/Program_Files/Raspberry_Pi/Pico_SDK_v1.5.1/pico-sdk/src/rp2_common/pico_unique_id/unique_id.c.obj
 .rodata.str1.4
                0x10008698      0x176 CMakeFiles/adc_dma.dir/C_/Program_Files/Raspberry_Pi/Pico_SDK_v1.5.1/pico-sdk/src/rp2_common/hardware_flash/flash.c.obj
 *fill*         0x1000880e        0x2 
 .rodata.__func__.0
                0x10008810        0xd CMakeFiles/adc_dma.dir/C_/Program_Files/Raspberry_Pi/Pico_SDK_v1.5.1/pico-sdk/src/rp2_common/hardware_flash/flash.c.obj
 *fill*         0x1000881d        0x3 
 .rodata._hw_endpoint_alloc.str1.4
                0x10008820       0xd1 CMakeFiles/adc_dma.dir/C_/Program_Files/Raspberry_Pi/Pico_SDK_v1.5.1/pico-sdk/lib/tinyusb/src/portable/raspberrypi/rp2040/dcd_rp2040.c.obj
 *fill*         0x100088f1        0x3 
 .rodata.str1.4
                0x100088f4       0x14 CMakeFiles/adc_dma.dir/C_/Program_Files/Raspberry_Pi/Pico_SDK_v1.5.1/pico-sdk/lib/tinyusb/src/portable/raspberrypi/rp2040/dcd_rp2040.c.obj
 .rodata.dcd_int_enable.str1.4
                0x10008908        0xc CMakeFiles/adc_dma.dir/C_/Program_Files/Raspberry_Pi/Pico_SDK_v1.5.1/pico-sdk/lib/tinyusb/src/portable/raspberrypi/rp2040/dcd_rp2040.c.obj
 .rodata.__func__.0
                0x10008914        0xe CMakeFiles/adc_dma.dir/C_/Program_Files/Raspberry_Pi/Pico_SDK_v1.5.1/pico-sdk/lib/tinyusb/src/portable/raspberrypi/rp2040/dcd_rp2040.c.obj
 *fill*         0x10008922        0x2 
 .rodata.__func__.1
                0x10008924        0xe CMakeFiles/adc_dma.dir/C_/Program_Files/Raspberry_Pi/Pico_SDK_v1.5.1/pico-sdk/lib/tinyusb/src/portable/raspberrypi/rp2040/dcd_rp2040.c.obj
 *fill*         0x10008932        0x2 
 .rodata.__func__.3
                0x10008934       0x10 CMakeFiles/adc_dma.dir/C_/Program_Files/Raspberry_Pi/Pico_SDK_v1.5.1/pico-sdk/lib/tinyusb/src/portable/raspberrypi/rp2040/dcd_rp2040.c.obj
 .rodata.__func__.5
                0x10008944        0xf CMakeFiles/adc_dma.dir/C_/Program_Files/Raspberry_Pi/Pico_SDK_v1.5.1/pico-sdk/lib/tinyusb/src/portable/raspberrypi/rp2040/dcd_rp2040.c.obj
 *fill*         0x10008953        0x1 
 .rodata.__func__.6
                0x10008954       0x13 CMakeFiles/adc_dma.dir/C_/Program_Files/Raspberry_Pi/Pico_SDK_v1.5.1/pico-sdk/lib/tinyusb/src/portable/raspberrypi/rp2040/dcd_rp2040.c.obj
 *fill*         0x10008967        0x1 
 .rodata.__func__.7
                0x10008968        0x9 CMakeFiles/adc_dma.dir/C_/Program_Files/Raspberry_Pi/Pico_SDK_v1.5.1/pico-sdk/lib/tinyusb/src/portable/raspberrypi/rp2040/dcd_rp2040.c.obj
 *fill*         0x10008971        0x3 
 .rodata.str1.4
                0x10008974       0xf9 CMakeFiles/adc_dma.dir/C_/Program_Files/Raspberry_Pi/Pico_SDK_v1.5.1/pico-sdk/lib/tinyusb/src/portable/raspberrypi/rp2040/rp2040_usb.c.obj
                                0x103 (size before relaxing)
 *fill*         0x10008a6d        0x3 
 .rodata.__func__.0
                0x10008a70        0xf CMakeFiles/adc_dma.dir/C_/Program_Files/Raspberry_Pi/Pico_SDK_v1.5.1/pico-sdk/lib/tinyusb/src/portable/raspberrypi/rp2040/rp2040_usb.c.obj
 *fill*         0x10008a7f        0x1 
 .rodata.process_get_descriptor
                0x10008a80       0x40 CMakeFiles/adc_dma.dir/C_/Program_Files/Raspberry_Pi/Pico_SDK_v1.5.1/pico-sdk/lib/tinyusb/src/device/usbd.c.obj
 .rodata.process_control_request
                0x10008ac0       0x28 CMakeFiles/adc_dma.dir/C_/Program_Files/Raspberry_Pi/Pico_SDK_v1.5.1/pico-sdk/lib/tinyusb/src/device/usbd.c.obj
 .rodata.tud_task_ext
                0x10008ae8       0x24 CMakeFiles/adc_dma.dir/C_/Program_Files/Raspberry_Pi/Pico_SDK_v1.5.1/pico-sdk/lib/tinyusb/src/device/usbd.c.obj
 .rodata._usbd_driver
                0x10008b0c       0x18 CMakeFiles/adc_dma.dir/C_/Program_Files/Raspberry_Pi/Pico_SDK_v1.5.1/pico-sdk/lib/tinyusb/src/device/usbd.c.obj
                0x10008b24                . = ALIGN (0x4)
 *(SORT_BY_ALIGNMENT(SORT_BY_NAME(.flashdata*)))
                0x10008b24                . = ALIGN (0x4)

.ARM.extab
 *(.ARM.extab* .gnu.linkonce.armextab.*)
                0x10008b24                __exidx_start = .

.ARM.exidx
 *(.ARM.exidx* .gnu.linkonce.armexidx.*)
                0x10008b24                __exidx_end = .
                0x10008b24                . = ALIGN (0x4)
                0x10008b24                __binary_info_start = .

.binary_info    0x10008b24       0x28
 *(.binary_info.keep.*)
 .binary_info.keep.__bi_ptr22
                0x10008b24        0x4 CMakeFiles/adc_dma.dir/C_/Program_Files/Raspberry_Pi/Pico_SDK_v1.5.1/pico-sdk/src/rp2_common/pico_standard_link/binary_info.c.obj
 .binary_info.keep.__bi_ptr30
                0x10008b28        0x4 CMakeFiles/adc_dma.dir/C_/Program_Files/Raspberry_Pi/Pico_SDK_v1.5.1/pico-sdk/src/rp2_common/pico_standard_link/binary_info.c.obj
 .binary_info.keep.__bi_ptr38
                0x10008b2c        0x4 CMakeFiles/adc_dma.dir/C_/Program_Files/Raspberry_Pi/Pico_SDK_v1.5.1/pico-sdk/src/rp2_common/pico_standard_link/binary_info.c.obj
 .binary_info.keep.__bi_ptr44
                0x10008b30        0x4 CMakeFiles/adc_dma.dir/C_/Program_Files/Raspberry_Pi/Pico_SDK_v1.5.1/pico-sdk/src/rp2_common/pico_standard_link/binary_info.c.obj
 .binary_info.keep.__bi_ptr50
                0x10008b34        0x4 CMakeFiles/adc_dma.dir/C_/Program_Files/Raspberry_Pi/Pico_SDK_v1.5.1/pico-sdk/src/rp2_common/pico_standard_link/binary_info.c.obj
 .binary_info.keep.__bi_ptr75
                0x10008b38        0x4 CMakeFiles/adc_dma.dir/C_/Program_Files/Raspberry_Pi/Pico_SDK_v1.5.1/pico-sdk/src/rp2_common/pico_standard_link/binary_info.c.obj
 .binary_info.keep.__bi_ptr81
                0x10008b3c        0x4 CMakeFiles/adc_dma.dir/C_/Program_Files/Raspberry_Pi/Pico_SDK_v1.5.1/pico-sdk/src/rp2_common/pico_standard_link/binary_info.c.obj
 *(.binary_info.*)
 .binary_info.__bi_ptr33
                0x10008b40        0x4 CMakeFiles/adc_dma.dir/C_/Program_Files/Raspberry_Pi/Pico_SDK_v1.5.1/pico-sdk/src/rp2_common/pico_stdio_uart/stdio_uart.c.obj
 .binary_info.__bi_ptr34
                0x10008b44        0x4 CMakeFiles/adc_dma.dir/C_/Program_Files/Raspberry_Pi/Pico_SDK_v1.5.1/pico-sdk/src/rp2_common/pico_stdio_uart/stdio_uart.c.obj
 .binary_info.__bi_ptr182
                0x10008b48        0x4 CMakeFiles/adc_dma.dir/C_/Program_Files/Raspberry_Pi/Pico_SDK_v1.5.1/pico-sdk/src/rp2_common/pico_stdio_usb/stdio_usb.c.obj
                0x10008b4c                __binary_info_end = .

.rel.dyn        0x10008b4c        0x0
 .rel.iplt      0x10008b4c        0x0 c:/progra~1/raspbe~1/picosd~1.1/gcc-ar~1/bin/../lib/gcc/arm-none-eabi/10.3.1/thumb/v6-m/nofp/crtbegin.o
                0x10008b4c                . = ALIGN (0x4)

.ram_vector_table
                0x20000000       0xc0
 *(.ram_vector_table)
 .ram_vector_table
                0x20000000       0xc0 CMakeFiles/adc_dma.dir/C_/Program_Files/Raspberry_Pi/Pico_SDK_v1.5.1/pico-sdk/src/rp2_common/pico_runtime/runtime.c.obj
                0x20000000                ram_vector_table

.data           0x200000c0      0xc08 load address 0x10008b4c
                0x200000c0                __data_start__ = .
 *(vtable)
 *(.time_critical*)
 .time_critical.mutex_try_enter
                0x200000c0       0x46 CMakeFiles/adc_dma.dir/C_/Program_Files/Raspberry_Pi/Pico_SDK_v1.5.1/pico-sdk/src/common/pico_sync/mutex.c.obj
                0x200000c0                mutex_try_enter
 *fill*         0x20000106        0x2 
 .time_critical.mutex_enter_block_until
                0x20000108       0x8c CMakeFiles/adc_dma.dir/C_/Program_Files/Raspberry_Pi/Pico_SDK_v1.5.1/pico-sdk/src/common/pico_sync/mutex.c.obj
                0x20000108                mutex_enter_block_until
 .time_critical.mutex_try_enter_block_until
                0x20000194       0x34 CMakeFiles/adc_dma.dir/C_/Program_Files/Raspberry_Pi/Pico_SDK_v1.5.1/pico-sdk/src/common/pico_sync/mutex.c.obj
                0x20000194                mutex_try_enter_block_until
 .time_critical.mutex_enter_timeout_ms
                0x200001c8       0x68 CMakeFiles/adc_dma.dir/C_/Program_Files/Raspberry_Pi/Pico_SDK_v1.5.1/pico-sdk/src/common/pico_sync/mutex.c.obj
                0x200001c8                mutex_enter_timeout_ms
 .time_critical.mutex_exit
                0x20000230       0x4c CMakeFiles/adc_dma.dir/C_/Program_Files/Raspberry_Pi/Pico_SDK_v1.5.1/pico-sdk/src/common/pico_sync/mutex.c.obj
                0x20000230                mutex_exit
 .time_critical.flash_init_boot2_copyout
                0x2000027c       0x30 CMakeFiles/adc_dma.dir/C_/Program_Files/Raspberry_Pi/Pico_SDK_v1.5.1/pico-sdk/src/rp2_common/hardware_flash/flash.c.obj